Archive member included to satisfy reference by file (symbol)

../../libDaisy/build/libdaisy.a(daisy_seed.o)
                              build/Knob.o (daisy::DaisySeed::Configure())
../../libDaisy/build/libdaisy.a(codec_ak4556.o)
                              ../../libDaisy/build/libdaisy.a(daisy_seed.o) (daisy::Ak4556::Init(dsy_gpio_pin))
../../libDaisy/build/libdaisy.a(codec_wm8731.o)
                              ../../libDaisy/build/libdaisy.a(daisy_seed.o) (daisy::Wm8731::Init(daisy::Wm8731::Config const&, daisy::I2CHandle))
../../libDaisy/build/libdaisy.a(sdram.o)
                              ../../libDaisy/build/libdaisy.a(daisy_seed.o) (SdramHandle::Init())
../../libDaisy/build/libdaisy.a(audio.o)
                              ../../libDaisy/build/libdaisy.a(daisy_seed.o) (daisy::AudioHandle::Init(daisy::AudioHandle::Config const&, daisy::SaiHandle))
../../libDaisy/build/libdaisy.a(adc.o)
                              build/Knob.o (daisy::AdcChannelConfig::InitSingle(dsy_gpio_pin, daisy::AdcChannelConfig::ConversionSpeed))
../../libDaisy/build/libdaisy.a(gpio.o)
                              build/Knob.o (daisy::GPIO::Init(daisy::Pin, daisy::GPIO::Mode, daisy::GPIO::Pull, daisy::GPIO::Speed))
../../libDaisy/build/libdaisy.a(i2c.o)
                              ../../libDaisy/build/libdaisy.a(daisy_seed.o) (daisy::I2CHandle::Init(daisy::I2CHandle::Config const&))
../../libDaisy/build/libdaisy.a(qspi.o)
                              ../../libDaisy/build/libdaisy.a(daisy_seed.o) (daisy::QSPIHandle::Init(daisy::QSPIHandle::Config const&))
../../libDaisy/build/libdaisy.a(sai.o)
                              ../../libDaisy/build/libdaisy.a(daisy_seed.o) (daisy::SaiHandle::Init(daisy::SaiHandle::Config const&))
../../libDaisy/build/libdaisy.a(system.o)
                              ../../libDaisy/build/libdaisy.a(daisy_seed.o) (daisy::System::DeInit())
../../libDaisy/build/libdaisy.a(system_stm32h7xx.o)
                              build/startup_stm32h750xx.o (SystemInit)
../../libDaisy/build/libdaisy.a(usbd_conf.o)
                              ../../libDaisy/build/libdaisy.a(system.o) (hpcd_USB_OTG_HS)
../../libDaisy/build/libdaisy.a(usbh_conf.o)
                              ../../libDaisy/build/libdaisy.a(system.o) (hhcd_USB_OTG_HS)
../../libDaisy/build/libdaisy.a(hal_map.o)
                              ../../libDaisy/build/libdaisy.a(gpio.o) (dsy_hal_map_get_port)
../../libDaisy/build/libdaisy.a(stm32h7xx_hal.o)
                              ../../libDaisy/build/libdaisy.a(system.o) (HAL_Init)
../../libDaisy/build/libdaisy.a(stm32h7xx_hal_adc.o)
                              ../../libDaisy/build/libdaisy.a(adc.o) (HAL_ADC_ConfigChannel)
../../libDaisy/build/libdaisy.a(stm32h7xx_hal_adc_ex.o)
                              ../../libDaisy/build/libdaisy.a(adc.o) (HAL_ADCEx_Calibration_Start)
../../libDaisy/build/libdaisy.a(stm32h7xx_hal_cortex.o)
                              ../../libDaisy/build/libdaisy.a(stm32h7xx_hal.o) (HAL_NVIC_SetPriorityGrouping)
../../libDaisy/build/libdaisy.a(stm32h7xx_hal_dma.o)
                              ../../libDaisy/build/libdaisy.a(adc.o) (HAL_DMA_Init)
../../libDaisy/build/libdaisy.a(stm32h7xx_hal_gpio.o)
                              ../../libDaisy/build/libdaisy.a(sdram.o) (HAL_GPIO_Init)
../../libDaisy/build/libdaisy.a(stm32h7xx_hal_hcd.o)
                              ../../libDaisy/build/libdaisy.a(usbh_conf.o) (HAL_HCD_HC_Init)
../../libDaisy/build/libdaisy.a(stm32h7xx_hal_i2c.o)
                              ../../libDaisy/build/libdaisy.a(i2c.o) (HAL_I2C_Init)
../../libDaisy/build/libdaisy.a(stm32h7xx_hal_i2c_ex.o)
                              ../../libDaisy/build/libdaisy.a(i2c.o) (HAL_I2CEx_ConfigAnalogFilter)
../../libDaisy/build/libdaisy.a(stm32h7xx_hal_pcd.o)
                              ../../libDaisy/build/libdaisy.a(usbd_conf.o) (HAL_PCD_Init)
../../libDaisy/build/libdaisy.a(stm32h7xx_hal_pcd_ex.o)
                              ../../libDaisy/build/libdaisy.a(usbd_conf.o) (HAL_PCDEx_SetTxFiFo)
../../libDaisy/build/libdaisy.a(stm32h7xx_hal_pwr_ex.o)
                              ../../libDaisy/build/libdaisy.a(system.o) (HAL_PWREx_ConfigSupply)
../../libDaisy/build/libdaisy.a(stm32h7xx_hal_qspi.o)
                              ../../libDaisy/build/libdaisy.a(qspi.o) (HAL_QSPI_Init)
../../libDaisy/build/libdaisy.a(stm32h7xx_hal_rcc.o)
                              ../../libDaisy/build/libdaisy.a(system.o) (HAL_RCC_OscConfig)
../../libDaisy/build/libdaisy.a(stm32h7xx_hal_rcc_ex.o)
                              ../../libDaisy/build/libdaisy.a(system.o) (HAL_RCCEx_PeriphCLKConfig)
../../libDaisy/build/libdaisy.a(stm32h7xx_hal_sai.o)
                              ../../libDaisy/build/libdaisy.a(sai.o) (HAL_SAI_InitProtocol)
../../libDaisy/build/libdaisy.a(stm32h7xx_hal_sdram.o)
                              ../../libDaisy/build/libdaisy.a(sdram.o) (HAL_SDRAM_Init)
../../libDaisy/build/libdaisy.a(stm32h7xx_ll_fmc.o)
[...]
Memory Configuration

Name             Origin             Length             Attributes
FLASH            0x08000000         0x00020000         xr
DTCMRAM          0x20000000         0x00020000         xrw
SRAM             0x24000000         0x00080000         xrw
RAM_D2           0x30000000         0x00048000         xrw
RAM_D3           0x38000000         0x00010000         xrw
BACKUP_SRAM      0x38800000         0x00001000         xrw
ITCMRAM          0x00000000         0x00010000         xrw
SDRAM            0xc0000000         0x04000000         xrw
QSPIFLASH        0x90000000         0x00800000         xr
*default*        0x00000000         0xffffffff

Linker script and memory map

LOAD /usr/lib/gcc/arm-none-eabi/12.2.1/thumb/v7e-m+dp/hard/crti.o
LOAD /usr/lib/gcc/arm-none-eabi/12.2.1/thumb/v7e-m+dp/hard/crtbegin.o
LOAD /usr/lib/gcc/arm-none-eabi/12.2.1/../../../arm-none-eabi/lib/thumb/v7e-m+dp/hard/crt0.o
LOAD build/startup_stm32h750xx.o
LOAD build/Knob.o
LOAD ../../libDaisy/build/libdaisy.a
LOAD /usr/lib/gcc/arm-none-eabi/12.2.1/../../../arm-none-eabi/lib/thumb/v7e-m+dp/hard/libnosys.a
LOAD ../../DaisySP/build/libdaisysp.a
LOAD ../../DaisySP/DaisySP-LGPL/build/libdaisysp-lgpl.a
LOAD /usr/lib/gcc/arm-none-eabi/12.2.1/../../../arm-none-eabi/lib/thumb/v7e-m+dp/hard/libstdc++_nano.a
LOAD /usr/lib/gcc/arm-none-eabi/12.2.1/../../../arm-none-eabi/lib/thumb/v7e-m+dp/hard/libm.a
LOAD /usr/lib/gcc/arm-none-eabi/12.2.1/../../../arm-none-eabi/lib/thumb/v7e-m+dp/hard/libc_nano.a
START GROUP
LOAD /usr/lib/gcc/arm-none-eabi/12.2.1/thumb/v7e-m+dp/hard/libgcc.a
LOAD /usr/lib/gcc/arm-none-eabi/12.2.1/../../../arm-none-eabi/lib/thumb/v7e-m+dp/hard/libc_nano.a
END GROUP
START GROUP
LOAD /usr/lib/gcc/arm-none-eabi/12.2.1/thumb/v7e-m+dp/hard/libgcc.a
LOAD /usr/lib/gcc/arm-none-eabi/12.2.1/../../../arm-none-eabi/lib/thumb/v7e-m+dp/hard/libc_nano.a
LOAD /usr/lib/gcc/arm-none-eabi/12.2.1/../../../arm-none-eabi/lib/thumb/v7e-m+dp/hard/libnosys.a
END GROUP
START GROUP
LOAD /usr/lib/gcc/arm-none-eabi/12.2.1/thumb/v7e-m+dp/hard/libgcc.a
LOAD /usr/lib/gcc/arm-none-eabi/12.2.1/../../../arm-none-eabi/lib/thumb/v7e-m+dp/hard/libc_nano.a
LOAD /usr/lib/gcc/arm-none-eabi/12.2.1/../../../arm-none-eabi/lib/thumb/v7e-m+dp/hard/libnosys.a
END GROUP
LOAD /usr/lib/gcc/arm-none-eabi/12.2.1/thumb/v7e-m+dp/hard/crtend.o
LOAD /usr/lib/gcc/arm-none-eabi/12.2.1/thumb/v7e-m+dp/hard/crtn.o
                0x20020000                        _estack = 0x20020000

.isr_vector     0x08000000      0x298
                0x08000000                        . = ALIGN (0x4)
 *(.isr_vector)
 .isr_vector    0x08000000      0x298 build/startup_stm32h750xx.o
                0x08000000                g_pfnVectors
                0x08000298                        . = ALIGN (0x4)

.text           0x080002c0    0x14108
                0x080002c0                        . = ALIGN (0x4)
                0x080002c0                        _stext = .
 *(.text)
 .text          0x080002c0       0x88 /usr/lib/gcc/arm-none-eabi/12.2.1/thumb/v7e-m+dp/hard/crtbegin.o
 .text          0x08000348       0x1c /usr/lib/gcc/arm-none-eabi/12.2.1/../../../arm-none-eabi/lib/thumb/v7e-m+dp/hard/libc_nano.a(lib_a-cxa_atexit.o)
                0x08000348                __cxa_atexit
 .text          0x08000364       0x48 /usr/lib/gcc/arm-none-eabi/12.2.1/../../../arm-none-eabi/lib/thumb/v7e-m+dp/hard/libc_nano.a(lib_a-init.o)
                0x08000364                __libc_init_array
 .text          0x080003ac      0x134 /usr/lib/gcc/arm-none-eabi/12.2.1/../../../arm-none-eabi/lib/thumb/v7e-m+dp/hard/libc_nano.a(lib_a-memcpy.o)
                0x080003ac                memcpy
 .text          0x080004e0       0xa4 /usr/lib/gcc/arm-none-eabi/12.2.1/../../../arm-none-eabi/lib/thumb/v7e-m+dp/hard/libc_nano.a(lib_a-memset.o)
                0x080004e0                memset
 *fill*         0x08000584        0x4 
 .text          0x08000588      0x68c /usr/lib/gcc/arm-none-eabi/12.2.1/../../../arm-none-eabi/lib/thumb/v7e-m+dp/hard/libc_nano.a(lib_a-nano-vfprintf_float.o)
                0x08000588                __cvt
                0x08000674                __exponent
                0x08000710                _printf_float
 .text          0x08000c14      0x3dc /usr/lib/gcc/arm-none-eabi/12.2.1/../../../arm-none-eabi/lib/thumb/v7e-m+dp/hard/libc_nano.a(lib_a-nano-vfprintf_i.o)
                0x08000c14                _printf_common
                0x08000d40                _printf_i
 *fill*         0x08000ff0       0x10 
 .text          0x08001000       0xdc /usr/lib/gcc/arm-none-eabi/12.2.1/../../../arm-none-eabi/lib/thumb/v7e-m+dp/hard/libc_nano.a(lib_a-strlen.o)
                0x08001000                strlen
 .text          0x080010dc       0xac /usr/lib/gcc/arm-none-eabi/12.2.1/../../../arm-none-eabi/lib/thumb/v7e-m+dp/hard/libc_nano.a(lib_a-__atexit.o)
                0x080010dc                __register_exitproc
 .text          0x08001188      0xe48 /usr/lib/gcc/arm-none-eabi/12.2.1/../../../arm-none-eabi/lib/thumb/v7e-m+dp/hard/libc_nano.a(lib_a-dtoa.o)
                0x080012b0                _dtoa_r
 .text          0x08001fd0      0x238 /usr/lib/gcc/arm-none-eabi/12.2.1/../../../arm-none-eabi/lib/thumb/v7e-m+dp/hard/libc_nano.a(lib_a-findfp.o)
                0x08001fd4                _cleanup_r
                0x08001fe4                __sfmoreglue
                0x08002014                __sfp
                0x080021b4                _cleanup
                0x080021c8                __sinit
                0x080021d0                __sfp_lock_acquire
                0x080021d4                __sfp_lock_release
                0x080021d8                __sinit_lock_acquire
                0x080021dc                __sinit_lock_release
                0x080021e0                __fp_lock_all
                0x080021f4                __fp_unlock_all
 .text          0x08002208       0x88 /usr/lib/gcc/arm-none-eabi/12.2.1/../../../arm-none-eabi/lib/thumb/v7e-m+dp/hard/libc_nano.a(lib_a-fwalk.o)
                0x08002208                _fwalk
                0x08002248                _fwalk_reent
 .text          0x08002290       0x14 /usr/lib/gcc/arm-none-eabi/12.2.1/../../../arm-none-eabi/lib/thumb/v7e-m+dp/hard/libc_nano.a(lib_a-localeconv.o)
                0x08002290                __localeconv_l
                0x08002294                _localeconv_r
                0x0800229c                localeconv
 .text          0x080022a4       0x20 /usr/lib/gcc/arm-none-eabi/12.2.1/../../../arm-none-eabi/lib/thumb/v7e-m+dp/hard/libc_nano.a(lib_a-malloc.o)
                0x080022a4                malloc
                0x080022b4                free
 *fill*         0x080022c4        0xc 
 .text          0x080022d0       0xa0 /usr/lib/gcc/arm-none-eabi/12.2.1/../../../arm-none-eabi/lib/thumb/v7e-m+dp/hard/libc_nano.a(lib_a-memchr.o)
                0x080022d0                memchr
 .text          0x08002370      0xadc /usr/lib/gcc/arm-none-eabi/12.2.1/../../../arm-none-eabi/lib/thumb/v7e-m+dp/hard/libc_nano.a(lib_a-mprec.o)
                0x08002370                _Balloc
                0x080023f0                _Bfree
                0x08002438                __multadd
                0x080024dc                __s2b
                0x08002590                __hi0bits
                0x080025d0                __lo0bits
                0x08002630                __i2b
                0x0800265c                __multiply
                0x080027b8                __pow5mult
                0x08002898                __lshift
                0x08002980                __mcmp
                0x080029c4                __mdiff
                0x08002b10                __ulp
                0x08002b70                __b2d
                0x08002c30                __d2b
                0x08002d00                __ratio
                0x08002d64                _mprec_log10
                0x08002d8c                __copybits
                0x08002de8                __any_on
 .text          0x08002e4c       0x1c /usr/lib/gcc/arm-none-eabi/12.2.1/../../../arm-none-eabi/lib/thumb/v7e-m+dp/hard/libc_nano.a(lib_a-nano-callocr.o)
                0x08002e4c                _calloc_r
 .text          0x08002e68       0xc4 /usr/lib/gcc/arm-none-eabi/12.2.1/../../../arm-none-eabi/lib/thumb/v7e-m+dp/hard/libc_nano.a(lib_a-nano-freer.o)
                0x08002e68                _free_r
 .text          0x08002f2c       0xb4 /usr/lib/gcc/arm-none-eabi/12.2.1/../../../arm-none-eabi/lib/thumb/v7e-m+dp/hard/libc_nano.a(lib_a-nano-mallocr.o)
                0x08002f2c                _malloc_r
 .text          0x08002fe0      0x328 /usr/lib/gcc/arm-none-eabi/12.2.1/../../../arm-none-eabi/lib/thumb/v7e-m+dp/hard/libc_nano.a(lib_a-nano-vfprintf.o)
                0x0800301c                __sfputs_r
                0x0800304c                __sprint_r
                0x08003068                _vfiprintf_r
                0x08003068                _vfprintf_r
                0x080032ec                vfiprintf
                0x080032ec                vfprintf
 .text          0x08003308       0x24 /usr/lib/gcc/arm-none-eabi/12.2.1/../../../arm-none-eabi/lib/thumb/v7e-m+dp/hard/libc_nano.a(lib_a-sbrkr.o)
                0x08003308                _sbrk_r
 .text          0x0800332c       0x90 /usr/lib/gcc/arm-none-eabi/12.2.1/../../../arm-none-eabi/lib/thumb/v7e-m+dp/hard/libc_nano.a(lib_a-stdio.o)
                0x0800332c                __sread
                0x08003350                __seofread
                0x08003354                __swrite
                0x08003394                __sseek
                0x080033b4                __sclose
 .text          0x080033bc       0xc8 /usr/lib/gcc/arm-none-eabi/12.2.1/../../../arm-none-eabi/lib/thumb/v7e-m+dp/hard/libc_nano.a(lib_a-wbuf.o)
                0x080033bc                __swbuf_r
                0x0800346c                __swbuf
 .text          0x08003484       0x2c /usr/lib/gcc/arm-none-eabi/12.2.1/../../../arm-none-eabi/lib/thumb/v7e-m+dp/hard/libc_nano.a(lib_a-writer.o)
                0x08003484                _write_r
 .text          0x080034b0      0x104 /usr/lib/gcc/arm-none-eabi/12.2.1/../../../arm-none-eabi/lib/thumb/v7e-m+dp/hard/libc_nano.a(lib_a-wsetup.o)
                0x080034b0                __swsetup_r
 .text          0x080035b4       0x4c /usr/lib/gcc/arm-none-eabi/12.2.1/../../../arm-none-eabi/lib/thumb/v7e-m+dp/hard/libc_nano.a(lib_a-assert.o)
                0x080035b4                __assert_func
                0x080035f4                __assert
 .text          0x08003600       0x24 /usr/lib/gcc/arm-none-eabi/12.2.1/../../../arm-none-eabi/lib/thumb/v7e-m+dp/hard/libc_nano.a(lib_a-closer.o)
                0x08003600                _close_r
 .text          0x08003624      0x1e8 /usr/lib/gcc/arm-none-eabi/12.2.1/../../../arm-none-eabi/lib/thumb/v7e-m+dp/hard/libc_nano.a(lib_a-fflush.o)
                0x08003624                __sflush_r
                0x08003738                _fflush_r
                0x0800378c                fflush
 .text          0x0800380c       0x44 /usr/lib/gcc/arm-none-eabi/12.2.1/../../../arm-none-eabi/lib/thumb/v7e-m+dp/hard/libc_nano.a(lib_a-fprintf.o)
                0x0800380c                _fprintf_r
                0x0800380c                _fiprintf_r
                0x08003828                fprintf
                0x08003828                fiprintf
 .text          0x08003850      0x2f0 /usr/lib/gcc/arm-none-eabi/12.2.1/../../../arm-none-eabi/lib/thumb/v7e-m+dp/hard/libc_nano.a(lib_a-fvwrite.o)
                0x08003850                __sfvwrite_r
 .text          0x08003b40       0x2c /usr/lib/gcc/arm-none-eabi/12.2.1/../../../arm-none-eabi/lib/thumb/v7e-m+dp/hard/libc_nano.a(lib_a-lseekr.o)
                0x08003b40                _lseek_r
 .text          0x08003b6c      0x11c /usr/lib/gcc/arm-none-eabi/12.2.1/../../../arm-none-eabi/lib/thumb/v7e-m+dp/hard/libc_nano.a(lib_a-makebuf.o)
                0x08003b6c                __smakebuf_r
                0x08003c2c                __swhatbuf_r
 .text          0x08003c88       0x40 /usr/lib/gcc/arm-none-eabi/12.2.1/../../../arm-none-eabi/lib/thumb/v7e-m+dp/hard/libc_nano.a(lib_a-mbtowc_r.o)
                0x08003c88                _mbtowc_r
                0x08003c9c                __ascii_mbtowc
 .text          0x08003cc8       0xf8 /usr/lib/gcc/arm-none-eabi/12.2.1/../../../arm-none-eabi/lib/thumb/v7e-m+dp/hard/libc_nano.a(lib_a-memmove.o)
                0x08003cc8                memmove
 .text          0x08003dc0        0x8 /usr/lib/gcc/arm-none-eabi/12.2.1/../../../arm-none-eabi/lib/thumb/v7e-m+dp/hard/libc_nano.a(lib_a-mlock.o)
                0x08003dc0                __malloc_lock
                0x08003dc4                __malloc_unlock
 .text          0x08003dc8       0x50 /usr/lib/gcc/arm-none-eabi/12.2.1/../../../arm-none-eabi/lib/thumb/v7e-m+dp/hard/libc_nano.a(lib_a-nano-reallocr.o)
                0x08003dc8                _realloc_r
 .text          0x08003e18       0x2c /usr/lib/gcc/arm-none-eabi/12.2.1/../../../arm-none-eabi/lib/thumb/v7e-m+dp/hard/libc_nano.a(lib_a-readr.o)
                0x08003e18                _read_r
 .text          0x08003e44       0x30 /usr/lib/gcc/arm-none-eabi/12.2.1/../../../arm-none-eabi/lib/thumb/v7e-m+dp/hard/libc_nano.a(lib_a-wctomb_r.o)
                0x08003e44                _wctomb_r
                0x08003e58                __ascii_wctomb
 .text          0x08003e74       0x10 /usr/lib/gcc/arm-none-eabi/12.2.1/../../../arm-none-eabi/lib/thumb/v7e-m+dp/hard/libc_nano.a(lib_a-abort.o)
                0x08003e74                abort
 .text          0x08003e84       0x2c /usr/lib/gcc/arm-none-eabi/12.2.1/../../../arm-none-eabi/lib/thumb/v7e-m+dp/hard/libc_nano.a(lib_a-fstatr.o)
                0x08003e84                _fstat_r
 .text          0x08003eb0       0x24 /usr/lib/gcc/arm-none-eabi/12.2.1/../../../arm-none-eabi/lib/thumb/v7e-m+dp/hard/libc_nano.a(lib_a-isattyr.o)
                0x08003eb0                _isatty_r
 .text          0x08003ed4       0x14 /usr/lib/gcc/arm-none-eabi/12.2.1/../../../arm-none-eabi/lib/thumb/v7e-m+dp/hard/libc_nano.a(lib_a-nano-msizer.o)
                0x08003ed4                _malloc_usable_size_r
 .text          0x08003ee8      0x268 /usr/lib/gcc/arm-none-eabi/12.2.1/../../../arm-none-eabi/lib/thumb/v7e-m+dp/hard/libc_nano.a(lib_a-signal.o)
                0x08003ee8                _init_signal_r
                0x08003f14                _signal_r
                0x08003f5c                _raise_r
                0x08003fb0                __sigtramp_r
                0x08004010                raise
                0x08004068                signal
                0x080040b8                _init_signal
                0x080040ec                __sigtramp
 .text          0x08004150       0x30 /usr/lib/gcc/arm-none-eabi/12.2.1/../../../arm-none-eabi/lib/thumb/v7e-m+dp/hard/libc_nano.a(lib_a-signalr.o)
                0x08004150                _kill_r
                0x0800417c                _getpid_r
 .text          0x08004180       0x30 /usr/lib/gcc/arm-none-eabi/12.2.1/thumb/v7e-m+dp/hard/libgcc.a(_aeabi_uldivmod.o)
                0x08004180                __aeabi_uldivmod
 .text          0x080041b0      0x2bc /usr/lib/gcc/arm-none-eabi/12.2.1/thumb/v7e-m+dp/hard/libgcc.a(_udivmoddi4.o)
                0x080041b0                __udivmoddi4
 .text          0x0800446c        0x4 /usr/lib/gcc/arm-none-eabi/12.2.1/thumb/v7e-m+dp/hard/libgcc.a(_dvmd_tls.o)
                0x0800446c                __aeabi_ldiv0
                0x0800446c                __aeabi_idiv0
 .text          0x08004470       0x10 /usr/lib/gcc/arm-none-eabi/12.2.1/../../../arm-none-eabi/lib/thumb/v7e-m+dp/hard/libnosys.a(close.o)
                0x08004470                _close
 .text          0x08004480       0x10 /usr/lib/gcc/arm-none-eabi/12.2.1/../../../arm-none-eabi/lib/thumb/v7e-m+dp/hard/libnosys.a(fstat.o)
                0x08004480                _fstat
 .text          0x08004490       0x10 /usr/lib/gcc/arm-none-eabi/12.2.1/../../../arm-none-eabi/lib/thumb/v7e-m+dp/hard/libnosys.a(getpid.o)
                0x08004490                _getpid
 .text          0x080044a0       0x10 /usr/lib/gcc/arm-none-eabi/12.2.1/../../../arm-none-eabi/lib/thumb/v7e-m+dp/hard/libnosys.a(isatty.o)
                0x080044a0                _isatty
 .text          0x080044b0       0x10 /usr/lib/gcc/arm-none-eabi/12.2.1/../../../arm-none-eabi/lib/thumb/v7e-m+dp/hard/libnosys.a(kill.o)
                0x080044b0                _kill
 .text          0x080044c0       0x10 /usr/lib/gcc/arm-none-eabi/12.2.1/../../../arm-none-eabi/lib/thumb/v7e-m+dp/hard/libnosys.a(lseek.o)
                0x080044c0                _lseek
 .text          0x080044d0       0x10 /usr/lib/gcc/arm-none-eabi/12.2.1/../../../arm-none-eabi/lib/thumb/v7e-m+dp/hard/libnosys.a(read.o)
                0x080044d0                _read
 .text          0x080044e0       0x1c /usr/lib/gcc/arm-none-eabi/12.2.1/../../../arm-none-eabi/lib/thumb/v7e-m+dp/hard/libnosys.a(sbrk.o)
                0x080044e0                _sbrk
 .text          0x080044fc       0x10 /usr/lib/gcc/arm-none-eabi/12.2.1/../../../arm-none-eabi/lib/thumb/v7e-m+dp/hard/libnosys.a(write.o)
                0x080044fc                _write
 .text          0x0800450c        0x4 /usr/lib/gcc/arm-none-eabi/12.2.1/../../../arm-none-eabi/lib/thumb/v7e-m+dp/hard/libnosys.a(_exit.o)
                0x0800450c                _exit
 *(.text*)
 .text.Default_Handler
                0x08004510        0x4 build/startup_stm32h750xx.o
                0x08004510                RTC_Alarm_IRQHandler
                0x08004510                HASH_RNG_IRQHandler
                0x08004510                EXTI2_IRQHandler
                0x08004510                TIM8_CC_IRQHandler
                0x08004510                HRTIM1_Master_IRQHandler
                0x08004510                DebugMon_Handler
                0x08004510                TIM1_CC_IRQHandler
                0x08004510                BDMA_Channel6_IRQHandler
                0x08004510                DMA2_Stream5_IRQHandler
                0x08004510                HRTIM1_FLT_IRQHandler
                0x08004510                JPEG_IRQHandler
                0x08004510                BDMA_Channel1_IRQHandler
                0x08004510                HRTIM1_TIMD_IRQHandler
                0x08004510                TAMP_STAMP_IRQHandler
                0x08004510                PendSV_Handler
                0x08004510                NMI_Handler
                0x08004510                EXTI3_IRQHandler
                0x08004510                LPTIM4_IRQHandler
                0x08004510                TIM8_TRG_COM_TIM14_IRQHandler
                0x08004510                LPTIM2_IRQHandler
                0x08004510                DFSDM1_FLT1_IRQHandler
                0x08004510                DMAMUX2_OVR_IRQHandler
                0x08004510                TIM8_UP_TIM13_IRQHandler
                0x08004510                I2C3_ER_IRQHandler
                0x08004510                DFSDM1_FLT2_IRQHandler
                0x08004510                MDMA_IRQHandler
                0x08004510                LPTIM3_IRQHandler
                0x08004510                HSEM1_IRQHandler
                0x08004510                EXTI0_IRQHandler
                0x08004510                FPU_IRQHandler
                0x08004510                OTG_HS_WKUP_IRQHandler
                0x08004510                FDCAN1_IT1_IRQHandler
                0x08004510                UsageFault_Handler
                0x08004510                LTDC_ER_IRQHandler
                0x08004510                HRTIM1_TIME_IRQHandler
                0x08004510                TIM6_DAC_IRQHandler
                0x08004510                DCMI_IRQHandler
                0x08004510                HRTIM1_TIMC_IRQHandler
                0x08004510                SAI2_IRQHandler
                0x08004510                DFSDM1_FLT3_IRQHandler
                0x08004510                TIM17_IRQHandler
                0x08004510                CRYP_IRQHandler
                0x08004510                BDMA_Channel7_IRQHandler
                0x08004510                LPTIM5_IRQHandler
                0x08004510                ADC3_IRQHandler
                0x08004510                DMA2_Stream0_IRQHandler
                0x08004510                BDMA_Channel2_IRQHandler
                0x08004510                DMAMUX1_OVR_IRQHandler
                0x08004510                TIM16_IRQHandler
                0x08004510                BDMA_Channel5_IRQHandler
                0x08004510                RCC_IRQHandler
                0x08004510                TIM8_BRK_TIM12_IRQHandler
                0x08004510                TIM1_TRG_COM_IRQHandler
                0x08004510                Default_Handler
                0x08004510                ECC_IRQHandler
                0x08004510                CEC_IRQHandler
                0x08004510                EXTI15_10_IRQHandler
                0x08004510                BDMA_Channel0_IRQHandler
                0x08004510                ADC_IRQHandler
                0x08004510                DMA1_Stream7_IRQHandler
                0x08004510                HRTIM1_TIMA_IRQHandler
                0x08004510                TIM7_IRQHandler
                0x08004510                SDMMC1_IRQHandler
                0x08004510                DMA2_Stream7_IRQHandler
                0x08004510                TIM15_IRQHandler
                0x08004510                PVD_AVD_IRQHandler
                0x08004510                EXTI9_5_IRQHandler
                0x08004510                RTC_WKUP_IRQHandler
                0x08004510                LTDC_IRQHandler
                0x08004510                SAI3_IRQHandler
                0x08004510                ETH_WKUP_IRQHandler
                0x08004510                SPDIF_RX_IRQHandler
                0x08004510                MemManage_Handler
                0x08004510                SVC_Handler
                0x08004510                CRS_IRQHandler
                0x08004510                EXTI4_IRQHandler
                0x08004510                HRTIM1_TIMB_IRQHandler
                0x08004510                FDCAN2_IT1_IRQHandler
                0x08004510                ETH_IRQHandler
                0x08004510                TIM1_UP_IRQHandler
                0x08004510                BDMA_Channel4_IRQHandler
                0x08004510                WWDG_IRQHandler
                0x08004510                SPI6_IRQHandler
                0x08004510                I2C4_EV_IRQHandler
                0x08004510                MDIOS_IRQHandler
                0x08004510                FDCAN2_IT0_IRQHandler
                0x08004510                FDCAN1_IT0_IRQHandler
                0x08004510                OTG_FS_WKUP_IRQHandler
                0x08004510                DMA2D_IRQHandler
                0x08004510                TIM1_BRK_IRQHandler
                0x08004510                EXTI1_IRQHandler
                0x08004510                SDMMC2_IRQHandler
                0x08004510                OTG_FS_EP1_OUT_IRQHandler
                0x08004510                BDMA_Channel3_IRQHandler
                0x08004510                MDIOS_WKUP_IRQHandler
                0x08004510                DFSDM1_FLT0_IRQHandler
                0x08004510                SAI4_IRQHandler
                0x08004510                I2C2_ER_IRQHandler
                0x08004510                DMA2_Stream1_IRQHandler
                0x08004510                FLASH_IRQHandler
                0x08004510                BusFault_Handler
                0x08004510                OTG_FS_IRQHandler
                0x08004510                WAKEUP_PIN_IRQHandler
                0x08004510                OTG_FS_EP1_IN_IRQHandler
                0x08004510                I2C1_ER_IRQHandler
                0x08004510                FMC_IRQHandler
                0x08004510                FDCAN_CAL_IRQHandler
                0x08004510                SWPMI1_IRQHandler
                0x08004510                COMP1_IRQHandler
                0x08004510                LPTIM1_IRQHandler
                0x08004510                I2C4_ER_IRQHandler
                0x08004510                DMA2_Stream6_IRQHandler
                0x08004510                SAI1_IRQHandler
 .text.Reset_Handler
                0x08004514       0x44 build/startup_stm32h750xx.o
                0x08004514                Reset_Handler
 .text._ZN7daisysp6PhaserD2Ev
                0x08004558        0x4 build/Knob.o
                0x08004558                daisysp::Phaser::~Phaser()
                0x08004558                daisysp::Phaser::~Phaser()
 .text._ZN5daisy9DaisySeedD2Ev
                0x0800455c        0x4 build/Knob.o
                0x0800455c                daisy::DaisySeed::~DaisySeed()
                0x0800455c                daisy::DaisySeed::~DaisySeed()
 .text._ZL13AudioCallbackPKfPfj
                0x08004560       0x4c build/Knob.o
 .text.startup.main
                0x080045ac      0x128 build/Knob.o
                0x080045ac                main
 .text.startup._GLOBAL__sub_I_hw
                0x080046d4       0x3c build/Knob.o
 .text._ZN5daisy9DaisySeed9ConfigureEv
                0x08004710        0x4 ../../libDaisy/build/libdaisy.a(daisy_seed.o)
                0x08004710                daisy::DaisySeed::Configure()
 .text._ZN5daisy9DaisySeed10StartAudioEPFvPKfPfjE
                0x08004714        0x8 ../../libDaisy/build/libdaisy.a(daisy_seed.o)
                0x08004714                daisy::DaisySeed::StartAudio(void (*)(float const*, float*, unsigned int))
 .text._ZN5daisy9DaisySeed15AudioSampleRateEv
                0x0800471c        0x8 ../../libDaisy/build/libdaisy.a(daisy_seed.o)
                0x0800471c                daisy::DaisySeed::AudioSampleRate()
 .text._ZN5daisy9DaisySeed17SetAudioBlockSizeEj
                0x08004724       0x38 ../../libDaisy/build/libdaisy.a(daisy_seed.o)
                0x08004724                daisy::DaisySeed::SetAudioBlockSize(unsigned int)
 .text._ZN5daisy9DaisySeed17CheckBoardVersionEv
                0x0800475c       0x6c ../../libDaisy/build/libdaisy.a(daisy_seed.o)
                0x0800475c                daisy::DaisySeed::CheckBoardVersion()
 .text._ZN5daisy9DaisySeed14ConfigureAudioEv
                0x080047c8      0x108 ../../libDaisy/build/libdaisy.a(daisy_seed.o)
                0x080047c8                daisy::DaisySeed::ConfigureAudio()
 .text._ZN5daisy9DaisySeed4InitEb
                0x080048d0       0xec ../../libDaisy/build/libdaisy.a(daisy_seed.o)
                0x080048d0                daisy::DaisySeed::Init(bool)
 .text._ZN5daisy6Ak45564InitE12dsy_gpio_pin
                0x080049bc       0x40 ../../libDaisy/build/libdaisy.a(codec_ak4556.o)
                0x080049bc                daisy::Ak4556::Init(dsy_gpio_pin)
 .text._ZN5daisy6Wm873120WriteControlRegisterEht
                0x080049fc       0x3c ../../libDaisy/build/libdaisy.a(codec_wm8731.o)
                0x080049fc                daisy::Wm8731::WriteControlRegister(unsigned char, unsigned short)
 .text._ZN5daisy6Wm87314InitERKNS0_6ConfigENS_9I2CHandleE
                0x08004a38      0x1b8 ../../libDaisy/build/libdaisy.a(codec_wm8731.o)
                0x08004a38                daisy::Wm8731::Init(daisy::Wm8731::Config const&, daisy::I2CHandle)
 .text._ZN11SdramHandle10DeviceInitEv
                0x08004bf0       0x8c ../../libDaisy/build/libdaisy.a(sdram.o)
                0x08004bf0                SdramHandle::DeviceInit()
 *fill*         0x08004c7c        0x4 
 .text._ZN11SdramHandle4InitEv
                0x08004c80       0x88 ../../libDaisy/build/libdaisy.a(sdram.o)
                0x08004c80                SdramHandle::Init()
 .text.HAL_SDRAM_MspInit
                0x08004d08      0x19c ../../libDaisy/build/libdaisy.a(sdram.o)
                0x08004d08                HAL_SDRAM_MspInit
 .text._ZN5daisy11AudioHandle4Impl16InternalCallbackEPlS2_j
                0x08004ea4      0xbb4 ../../libDaisy/build/libdaisy.a(audio.o)
                0x08004ea4                daisy::AudioHandle::Impl::InternalCallback(long*, long*, unsigned int)
 .text._ZN5daisy11AudioHandle4InitERKNS0_6ConfigENS_9SaiHandleE
                0x08005a58       0x70 ../../libDaisy/build/libdaisy.a(audio.o)
                0x08005a58                daisy::AudioHandle::Init(daisy::AudioHandle::Config const&, daisy::SaiHandle)
 .text._ZNK5daisy11AudioHandle9GetConfigEv
                0x08005ac8        0x8 ../../libDaisy/build/libdaisy.a(audio.o)
                0x08005ac8                daisy::AudioHandle::GetConfig() const
 .text._ZN5daisy11AudioHandle12SetBlockSizeEj
                0x08005ad0       0x1c ../../libDaisy/build/libdaisy.a(audio.o)
                0x08005ad0                daisy::AudioHandle::SetBlockSize(unsigned int)
 .text._ZN5daisy11AudioHandle13GetSampleRateEv
                0x08005aec        0x8 ../../libDaisy/build/libdaisy.a(audio.o)
                0x08005aec                daisy::AudioHandle::GetSampleRate()
 .text._ZN5daisy11AudioHandle5StartEPFvPKfPfjE
                0x08005af4       0x2c ../../libDaisy/build/libdaisy.a(audio.o)
                0x08005af4                daisy::AudioHandle::Start(void (*)(float const*, float*, unsigned int))
 .text.startup._GLOBAL__sub_I__ZN5daisy11AudioHandle4Impl4InitENS0_6ConfigENS_9SaiHandleE
                0x08005b20       0x20 ../../libDaisy/build/libdaisy.a(audio.o)
 .text._ZN5daisy16AdcChannelConfig10InitSingleE12dsy_gpio_pinNS0_15ConversionSpeedE
                0x08005b40       0x28 ../../libDaisy/build/libdaisy.a(adc.o)
                0x08005b40                daisy::AdcChannelConfig::InitSingle(dsy_gpio_pin, daisy::AdcChannelConfig::ConversionSpeed)
 .text._ZN5daisy9AdcHandle4InitEPNS_16AdcChannelConfigEjNS0_12OverSamplingE
                0x08005b68      0x3cc ../../libDaisy/build/libdaisy.a(adc.o)
                0x08005b68                daisy::AdcHandle::Init(daisy::AdcChannelConfig*, unsigned int, daisy::AdcHandle::OverSampling)
 .text._ZN5daisy9AdcHandle5StartEv
                0x08005f34       0x28 ../../libDaisy/build/libdaisy.a(adc.o)
                0x08005f34                daisy::AdcHandle::Start()
 .text._ZNK5daisy9AdcHandle8GetFloatEh
                0x08005f5c       0x20 ../../libDaisy/build/libdaisy.a(adc.o)
                0x08005f5c                daisy::AdcHandle::GetFloat(unsigned char) const
 .text.HAL_ADC_MspInit
                0x08005f7c       0x94 ../../libDaisy/build/libdaisy.a(adc.o)
                0x08005f7c                HAL_ADC_MspInit
 .text.DMA1_Stream2_IRQHandler
                0x08006010        0xc ../../libDaisy/build/libdaisy.a(adc.o)
                0x08006010                DMA1_Stream2_IRQHandler
 .text.HAL_ADC_ConvCpltCallback
                0x0800601c      0x120 ../../libDaisy/build/libdaisy.a(adc.o)
                0x0800601c                HAL_ADC_ConvCpltCallback
 .text.HAL_ADC_ErrorCallback
                0x0800613c        0x4 ../../libDaisy/build/libdaisy.a(adc.o)
                0x0800613c                HAL_ADC_ErrorCallback
 .text._ZN5daisy4GPIO4InitENS_3PinENS0_4ModeENS0_4PullENS0_5SpeedE
                0x08006140      0x1dc ../../libDaisy/build/libdaisy.a(gpio.o)
                0x08006140                daisy::GPIO::Init(daisy::Pin, daisy::GPIO::Mode, daisy::GPIO::Pull, daisy::GPIO::Speed)
 .text._ZN5daisy4GPIO4ReadEv
                0x0800631c       0x18 ../../libDaisy/build/libdaisy.a(gpio.o)
                0x0800631c                daisy::GPIO::Read()
 .text._ZN5daisy4GPIO5WriteEb
                0x08006334       0x14 ../../libDaisy/build/libdaisy.a(gpio.o)
                0x08006334                daisy::GPIO::Write(bool)
 .text.dsy_gpio_init
                0x08006348      0x1bc ../../libDaisy/build/libdaisy.a(gpio.o)
                0x08006348                dsy_gpio_init
 .text.dsy_gpio_write
                0x08006504       0x24 ../../libDaisy/build/libdaisy.a(gpio.o)
                0x08006504                dsy_gpio_write
 .text._ZN5daisy9I2CHandle4Impl8InitPinsEv
                0x08006528       0x58 ../../libDaisy/build/libdaisy.a(i2c.o)
                0x08006528                daisy::I2CHandle::Impl::InitPins()
 .text.HAL_I2C_MspInit
                0x08006580      0x1b4 ../../libDaisy/build/libdaisy.a(i2c.o)
                0x08006580                HAL_I2C_MspInit
 .text.dsy_i2c_global_init
                0x08006734       0x70 ../../libDaisy/build/libdaisy.a(i2c.o)
                0x08006734                dsy_i2c_global_init
 .text.DMA1_Stream6_IRQHandler
                0x080067a4       0x30 ../../libDaisy/build/libdaisy.a(i2c.o)
                0x080067a4                DMA1_Stream6_IRQHandler
 .text.I2C1_EV_IRQHandler
                0x080067d4        0xc ../../libDaisy/build/libdaisy.a(i2c.o)
                0x080067d4                I2C1_EV_IRQHandler
 .text.I2C2_EV_IRQHandler
                0x080067e0        0xc ../../libDaisy/build/libdaisy.a(i2c.o)
                0x080067e0                I2C2_EV_IRQHandler
 .text.I2C3_EV_IRQHandler
                0x080067ec        0xc ../../libDaisy/build/libdaisy.a(i2c.o)
                0x080067ec                I2C3_EV_IRQHandler
 .text._ZN5daisy9I2CHandle4InitERKNS0_6ConfigE
                0x080067f8      0x128 ../../libDaisy/build/libdaisy.a(i2c.o)
                0x080067f8                daisy::I2CHandle::Init(daisy::I2CHandle::Config const&)
 .text._ZN5daisy9I2CHandle16TransmitBlockingEtPhtm
                0x08006920       0x50 ../../libDaisy/build/libdaisy.a(i2c.o)
                0x08006920                daisy::I2CHandle::TransmitBlocking(unsigned short, unsigned char*, unsigned short, unsigned long)
 .text.startup._GLOBAL__sub_I__ZN5daisy9I2CHandle4Impl10GlobalInitEv
                0x08006970       0x18 ../../libDaisy/build/libdaisy.a(i2c.o)
 .text._ZN5daisy10QSPIHandle4Impl11WriteEnableEv
                0x08006988       0x84 ../../libDaisy/build/libdaisy.a(qspi.o)
                0x08006988                daisy::QSPIHandle::Impl::WriteEnable()
 *fill*         0x08006a0c        0x4 
 .text._ZN5daisy10QSPIHandle4Impl17DummyCyclesConfigENS0_6Config6DeviceE
                0x08006a10      0x100 ../../libDaisy/build/libdaisy.a(qspi.o)
                0x08006a10                daisy::QSPIHandle::Impl::DummyCyclesConfig(daisy::QSPIHandle::Config::Device)
 .text._ZN5daisy10QSPIHandle4Impl10QuadEnableEv
                0x08006b10      0x130 ../../libDaisy/build/libdaisy.a(qspi.o)
                0x08006b10                daisy::QSPIHandle::Impl::QuadEnable()
 .text._ZN5daisy10QSPIHandle4InitERKNS0_6ConfigE
                0x08006c40      0x178 ../../libDaisy/build/libdaisy.a(qspi.o)
                0x08006c40                daisy::QSPIHandle::Init(daisy::QSPIHandle::Config const&)
 .text.HAL_QSPI_MspInit
                0x08006db8      0x11c ../../libDaisy/build/libdaisy.a(qspi.o)
                0x08006db8                HAL_QSPI_MspInit
 .text.HAL_QSPI_MspDeInit
                0x08006ed4       0x54 ../../libDaisy/build/libdaisy.a(qspi.o)
                0x08006ed4                HAL_QSPI_MspDeInit
 .text.QUADSPI_IRQHandler
                0x08006f28        0xc ../../libDaisy/build/libdaisy.a(qspi.o)
                0x08006f28                QUADSPI_IRQHandler
 .text.startup._GLOBAL__sub_I__ZN5daisy10QSPIHandle4Impl4InitERKNS0_6ConfigE
                0x08006f34       0x28 ../../libDaisy/build/libdaisy.a(qspi.o)
 .text._ZN5daisy9SaiHandle4Impl8InitPinsEv
                0x08006f5c       0xac ../../libDaisy/build/libdaisy.a(sai.o)
                0x08006f5c                daisy::SaiHandle::Impl::InitPins()
 .text.HAL_SAI_MspInit
                0x08007008      0x2b0 ../../libDaisy/build/libdaisy.a(sai.o)
                0x08007008                HAL_SAI_MspInit
 .text.DMA1_Stream0_IRQHandler
                0x080072b8        0xc ../../libDaisy/build/libdaisy.a(sai.o)
                0x080072b8                DMA1_Stream0_IRQHandler
 .text.DMA1_Stream1_IRQHandler
                0x080072c4        0xc ../../libDaisy/build/libdaisy.a(sai.o)
                0x080072c4                DMA1_Stream1_IRQHandler
 .text.DMA1_Stream3_IRQHandler
                0x080072d0        0xc ../../libDaisy/build/libdaisy.a(sai.o)
                0x080072d0                DMA1_Stream3_IRQHandler
 .text.DMA1_Stream4_IRQHandler
                0x080072dc        0xc ../../libDaisy/build/libdaisy.a(sai.o)
                0x080072dc                DMA1_Stream4_IRQHandler
 .text.HAL_SAI_RxHalfCpltCallback
                0x080072e8       0x78 ../../libDaisy/build/libdaisy.a(sai.o)
                0x080072e8                HAL_SAI_RxHalfCpltCallback
 .text.HAL_SAI_RxCpltCallback
                0x08007360       0x70 ../../libDaisy/build/libdaisy.a(sai.o)
                0x08007360                HAL_SAI_RxCpltCallback
 .text._ZN5daisy9SaiHandle4InitERKNS0_6ConfigE
                0x080073d0      0x204 ../../libDaisy/build/libdaisy.a(sai.o)
                0x080073d0                daisy::SaiHandle::Init(daisy::SaiHandle::Config const&)
 .text._ZNK5daisy9SaiHandle9GetConfigEv
                0x080075d4        0x4 ../../libDaisy/build/libdaisy.a(sai.o)
                0x080075d4                daisy::SaiHandle::GetConfig() const
 .text._ZN5daisy9SaiHandle8StartDmaEPlS1_jPFvS1_S1_jE
                0x080075d8       0xb0 ../../libDaisy/build/libdaisy.a(sai.o)
                0x080075d8                daisy::SaiHandle::StartDma(long*, long*, unsigned int, void (*)(long*, long*, unsigned int))
 .text._ZN5daisy9SaiHandle13GetSampleRateEv
                0x08007688       0x24 ../../libDaisy/build/libdaisy.a(sai.o)
                0x08007688                daisy::SaiHandle::GetSampleRate()
 .text._ZNK5daisy9SaiHandle9GetOffsetEv
                0x080076ac        0x8 ../../libDaisy/build/libdaisy.a(sai.o)
                0x080076ac                daisy::SaiHandle::GetOffset() const
 .text._ZN5daisy11TimerHandleD2Ev
                0x080076b4        0x4 ../../libDaisy/build/libdaisy.a(system.o)
                0x080076b4                daisy::TimerHandle::~TimerHandle()
                0x080076b4                daisy::TimerHandle::~TimerHandle()
 .text.SysTick_Handler
                0x080076b8       0x10 ../../libDaisy/build/libdaisy.a(system.o)
                0x080076b8                SysTick_Handler
 .text.OTG_HS_EP1_OUT_IRQHandler
                0x080076c8       0x24 ../../libDaisy/build/libdaisy.a(system.o)
                0x080076c8                OTG_HS_EP1_OUT_IRQHandler
 .text.OTG_HS_EP1_IN_IRQHandler
                0x080076ec       0x24 ../../libDaisy/build/libdaisy.a(system.o)
                0x080076ec                OTG_HS_EP1_IN_IRQHandler
 .text.OTG_HS_IRQHandler
                0x08007710       0x24 ../../libDaisy/build/libdaisy.a(system.o)
                0x08007710                OTG_HS_IRQHandler
 .text.HardFault_Handler
                0x08007734       0xe0 ../../libDaisy/build/libdaisy.a(system.o)
                0x08007734                HardFault_Handler
 .text._ZN5daisy6System5DelayEm
                0x08007814        0x4 ../../libDaisy/build/libdaisy.a(system.o)
                0x08007814                daisy::System::Delay(unsigned long)
 .text._ZN5daisy6System20GetBootloaderVersionEv
                0x08007818       0x34 ../../libDaisy/build/libdaisy.a(system.o)
                0x08007818                daisy::System::GetBootloaderVersion()
 .text._ZN5daisy6System15ConfigureClocksEv
                0x0800784c      0x188 ../../libDaisy/build/libdaisy.a(system.o)
                0x0800784c                daisy::System::ConfigureClocks()
 .text._ZN5daisy6System12ConfigureMpuEv
                0x080079d4       0x7c ../../libDaisy/build/libdaisy.a(system.o)
                0x080079d4                daisy::System::ConfigureMpu()
 .text._ZN5daisy6System4InitERKNS0_6ConfigE
                0x08007a50       0xec ../../libDaisy/build/libdaisy.a(system.o)
                0x08007a50                daisy::System::Init(daisy::System::Config const&)
 .text._ZN5daisy6System12GetPClk1FreqEv
                0x08007b3c        0x4 ../../libDaisy/build/libdaisy.a(system.o)
                0x08007b3c                daisy::System::GetPClk1Freq()
 .text._ZN5daisy6System22GetProgramMemoryRegionEv
                0x08007b40       0x78 ../../libDaisy/build/libdaisy.a(system.o)
                0x08007b40                daisy::System::GetProgramMemoryRegion()
 .text.startup._GLOBAL__sub_I__ZN5daisy9boot_infoE
                0x08007bb8       0x1c ../../libDaisy/build/libdaisy.a(system.o)
 .text.SystemInit
                0x08007bd4       0x9c ../../libDaisy/build/libdaisy.a(system_stm32h7xx.o)
                0x08007bd4                SystemInit
 .text.HAL_PCD_SetupStageCallback
                0x08007c70        0xc ../../libDaisy/build/libdaisy.a(usbd_conf.o)
                0x08007c70                HAL_PCD_SetupStageCallback
 .text.HAL_PCD_DataOutStageCallback
                0x08007c7c       0x14 ../../libDaisy/build/libdaisy.a(usbd_conf.o)
                0x08007c7c                HAL_PCD_DataOutStageCallback
 .text.HAL_PCD_DataInStageCallback
                0x08007c90       0x14 ../../libDaisy/build/libdaisy.a(usbd_conf.o)
                0x08007c90                HAL_PCD_DataInStageCallback
 .text.HAL_PCD_SOFCallback
                0x08007ca4        0x8 ../../libDaisy/build/libdaisy.a(usbd_conf.o)
                0x08007ca4                HAL_PCD_SOFCallback
 .text.HAL_PCD_ResetCallback
                0x08007cac       0x24 ../../libDaisy/build/libdaisy.a(usbd_conf.o)
                0x08007cac                HAL_PCD_ResetCallback
 .text.HAL_PCD_SuspendCallback
                0x08007cd0       0x30 ../../libDaisy/build/libdaisy.a(usbd_conf.o)
                0x08007cd0                HAL_PCD_SuspendCallback
 .text.HAL_PCD_ResumeCallback
                0x08007d00        0x8 ../../libDaisy/build/libdaisy.a(usbd_conf.o)
                0x08007d00                HAL_PCD_ResumeCallback
 .text.HAL_PCD_ISOOUTIncompleteCallback
                0x08007d08        0x8 ../../libDaisy/build/libdaisy.a(usbd_conf.o)
                0x08007d08                HAL_PCD_ISOOUTIncompleteCallback
 .text.HAL_PCD_ISOINIncompleteCallback
                0x08007d10        0x8 ../../libDaisy/build/libdaisy.a(usbd_conf.o)
                0x08007d10                HAL_PCD_ISOINIncompleteCallback
 .text.HAL_PCD_ConnectCallback
                0x08007d18        0x8 ../../libDaisy/build/libdaisy.a(usbd_conf.o)
                0x08007d18                HAL_PCD_ConnectCallback
 .text.HAL_PCD_DisconnectCallback
                0x08007d20        0x8 ../../libDaisy/build/libdaisy.a(usbd_conf.o)
                0x08007d20                HAL_PCD_DisconnectCallback
 .text.USBD_LL_OpenEP
                0x08007d28       0x1c ../../libDaisy/build/libdaisy.a(usbd_conf.o)
                0x08007d28                USBD_LL_OpenEP
 .text.USBD_LL_StallEP
                0x08007d44       0x18 ../../libDaisy/build/libdaisy.a(usbd_conf.o)
                0x08007d44                USBD_LL_StallEP
 .text.USBD_LL_ClearStallEP
                0x08007d5c       0x18 ../../libDaisy/build/libdaisy.a(usbd_conf.o)
                0x08007d5c                USBD_LL_ClearStallEP
 .text.USBD_LL_IsStallEP
                0x08007d74       0x28 ../../libDaisy/build/libdaisy.a(usbd_conf.o)
                0x08007d74                USBD_LL_IsStallEP
 .text.USBD_LL_SetUSBAddress
                0x08007d9c       0x18 ../../libDaisy/build/libdaisy.a(usbd_conf.o)
                0x08007d9c                USBD_LL_SetUSBAddress
 .text.USBD_LL_Transmit
                0x08007db4       0x18 ../../libDaisy/build/libdaisy.a(usbd_conf.o)
                0x08007db4                USBD_LL_Transmit
 .text.USBD_LL_PrepareReceive
                0x08007dcc       0x18 ../../libDaisy/build/libdaisy.a(usbd_conf.o)
                0x08007dcc                USBD_LL_PrepareReceive
 .text.HAL_HCD_SOF_Callback
                0x08007de4        0x8 ../../libDaisy/build/libdaisy.a(usbh_conf.o)
                0x08007de4                HAL_HCD_SOF_Callback
 .text.HAL_HCD_Connect_Callback
                0x08007dec        0x8 ../../libDaisy/build/libdaisy.a(usbh_conf.o)
                0x08007dec                HAL_HCD_Connect_Callback
 .text.HAL_HCD_Disconnect_Callback
                0x08007df4        0x8 ../../libDaisy/build/libdaisy.a(usbh_conf.o)
                0x08007df4                HAL_HCD_Disconnect_Callback
 .text.HAL_HCD_HC_NotifyURBChange_Callback
                0x08007dfc        0x4 ../../libDaisy/build/libdaisy.a(usbh_conf.o)
                0x08007dfc                HAL_HCD_HC_NotifyURBChange_Callback
 .text.HAL_HCD_PortEnabled_Callback
                0x08007e00        0x8 ../../libDaisy/build/libdaisy.a(usbh_conf.o)
                0x08007e00                HAL_HCD_PortEnabled_Callback
 .text.HAL_HCD_PortDisabled_Callback
                0x08007e08        0x8 ../../libDaisy/build/libdaisy.a(usbh_conf.o)
                0x08007e08                HAL_HCD_PortDisabled_Callback
 .text.USBH_LL_Stop
                0x08007e10       0x18 ../../libDaisy/build/libdaisy.a(usbh_conf.o)
                0x08007e10                USBH_LL_Stop
 .text.dsy_hal_map_get_port
                0x08007e28       0x10 ../../libDaisy/build/libdaisy.a(hal_map.o)
                0x08007e28                dsy_hal_map_get_port
 .text.dsy_hal_map_get_pin
                0x08007e38       0x10 ../../libDaisy/build/libdaisy.a(hal_map.o)
                0x08007e38                dsy_hal_map_get_pin
 .text.dsy_hal_map_gpio_clk_enable
                0x08007e48      0x150 ../../libDaisy/build/libdaisy.a(hal_map.o)
                0x08007e48                dsy_hal_map_gpio_clk_enable
 .text.HAL_MspInit
                0x08007f98        0x4 ../../libDaisy/build/libdaisy.a(stm32h7xx_hal.o)
                0x08007f98                HAL_MspInit
 .text.HAL_InitTick
                0x08007f9c       0x4c ../../libDaisy/build/libdaisy.a(stm32h7xx_hal.o)
                0x08007f9c                HAL_InitTick
 .text.HAL_Init
                0x08007fe8       0x60 ../../libDaisy/build/libdaisy.a(stm32h7xx_hal.o)
                0x08007fe8                HAL_Init
 .text.HAL_IncTick
                0x08008048       0x18 ../../libDaisy/build/libdaisy.a(stm32h7xx_hal.o)
                0x08008048                HAL_IncTick
 .text.HAL_GetTick
                0x08008060        0xc ../../libDaisy/build/libdaisy.a(stm32h7xx_hal.o)
                0x08008060                HAL_GetTick
 .text.HAL_Delay
                0x0800806c       0x24 ../../libDaisy/build/libdaisy.a(stm32h7xx_hal.o)
                0x0800806c                HAL_Delay
 .text.HAL_GetREVID
                0x08008090        0xc ../../libDaisy/build/libdaisy.a(stm32h7xx_hal.o)
                0x08008090                HAL_GetREVID
 .text.HAL_ADC_ConvHalfCpltCallback
                0x0800809c        0x4 ../../libDaisy/build/libdaisy.a(stm32h7xx_hal_adc.o)
                0x0800809c                HAL_ADC_ConvHalfCpltCallback
 .text.ADC_DMAHalfConvCplt
                0x080080a0        0xc ../../libDaisy/build/libdaisy.a(stm32h7xx_hal_adc.o)
                0x080080a0                ADC_DMAHalfConvCplt
 .text.ADC_DMAConvCplt
                0x080080ac       0x6c ../../libDaisy/build/libdaisy.a(stm32h7xx_hal_adc.o)
                0x080080ac                ADC_DMAConvCplt
 .text.ADC_DMAError
                0x08008118       0x1c ../../libDaisy/build/libdaisy.a(stm32h7xx_hal_adc.o)
                0x08008118                ADC_DMAError
 .text.HAL_ADC_ConfigChannel
                0x08008134      0x3f0 ../../libDaisy/build/libdaisy.a(stm32h7xx_hal_adc.o)
                0x08008134                HAL_ADC_ConfigChannel
 .text.ADC_Enable
                0x08008524       0xb0 ../../libDaisy/build/libdaisy.a(stm32h7xx_hal_adc.o)
                0x08008524                ADC_Enable
 .text.HAL_ADC_Start_DMA
                0x080085d4      0x10c ../../libDaisy/build/libdaisy.a(stm32h7xx_hal_adc.o)
                0x080085d4                HAL_ADC_Start_DMA
 .text.ADC_Disable
                0x080086e0       0x64 ../../libDaisy/build/libdaisy.a(stm32h7xx_hal_adc.o)
                0x080086e0                ADC_Disable
 .text.ADC_ConfigureBoostMode
                0x08008744      0x198 ../../libDaisy/build/libdaisy.a(stm32h7xx_hal_adc.o)
                0x08008744                ADC_ConfigureBoostMode
 .text.HAL_ADC_Init
                0x080088dc      0x214 ../../libDaisy/build/libdaisy.a(stm32h7xx_hal_adc.o)
                0x080088dc                HAL_ADC_Init
 .text.HAL_ADCEx_Calibration_Start
                0x08008af0       0xa4 ../../libDaisy/build/libdaisy.a(stm32h7xx_hal_adc_ex.o)
                0x08008af0                HAL_ADCEx_Calibration_Start
 .text.HAL_ADCEx_MultiModeConfigChannel
                0x08008b94       0xb8 ../../libDaisy/build/libdaisy.a(stm32h7xx_hal_adc_ex.o)
                0x08008b94                HAL_ADCEx_MultiModeConfigChannel
 .text.HAL_NVIC_SetPriorityGrouping
                0x08008c4c       0x24 ../../libDaisy/build/libdaisy.a(stm32h7xx_hal_cortex.o)
                0x08008c4c                HAL_NVIC_SetPriorityGrouping
 .text.HAL_NVIC_SetPriority
                0x08008c70       0x7c ../../libDaisy/build/libdaisy.a(stm32h7xx_hal_cortex.o)
                0x08008c70                HAL_NVIC_SetPriority
 .text.HAL_NVIC_EnableIRQ
                0x08008cec       0x1c ../../libDaisy/build/libdaisy.a(stm32h7xx_hal_cortex.o)
                0x08008cec                HAL_NVIC_EnableIRQ
 .text.HAL_NVIC_DisableIRQ
                0x08008d08       0x24 ../../libDaisy/build/libdaisy.a(stm32h7xx_hal_cortex.o)
                0x08008d08                HAL_NVIC_DisableIRQ
 .text.HAL_SYSTICK_Config
                0x08008d2c       0x2c ../../libDaisy/build/libdaisy.a(stm32h7xx_hal_cortex.o)
                0x08008d2c                HAL_SYSTICK_Config
 .text.HAL_MPU_Disable
                0x08008d58       0x1c ../../libDaisy/build/libdaisy.a(stm32h7xx_hal_cortex.o)
                0x08008d58                HAL_MPU_Disable
 .text.HAL_MPU_Enable
                0x08008d74       0x20 ../../libDaisy/build/libdaisy.a(stm32h7xx_hal_cortex.o)
                0x08008d74                HAL_MPU_Enable
 .text.HAL_MPU_ConfigRegion
                0x08008d94       0x64 ../../libDaisy/build/libdaisy.a(stm32h7xx_hal_cortex.o)
                0x08008d94                HAL_MPU_ConfigRegion
 .text.HAL_SYSTICK_Callback
                0x08008df8        0x4 ../../libDaisy/build/libdaisy.a(stm32h7xx_hal_cortex.o)
                0x08008df8                HAL_SYSTICK_Callback
 .text.HAL_SYSTICK_IRQHandler
                0x08008dfc        0x8 ../../libDaisy/build/libdaisy.a(stm32h7xx_hal_cortex.o)
                0x08008dfc                HAL_SYSTICK_IRQHandler
 .text.DMA_CalcBaseAndBitshift
                0x08008e04      0x100 ../../libDaisy/build/libdaisy.a(stm32h7xx_hal_dma.o)
 .text.DMA_CalcDMAMUXChannelBaseAndMask
                0x08008f04       0xd0 ../../libDaisy/build/libdaisy.a(stm32h7xx_hal_dma.o)
 .text.HAL_DMA_Init
                0x08008fd4      0x350 ../../libDaisy/build/libdaisy.a(stm32h7xx_hal_dma.o)
                0x08008fd4                HAL_DMA_Init
 .text.HAL_DMA_Start_IT
                0x08009324      0x288 ../../libDaisy/build/libdaisy.a(stm32h7xx_hal_dma.o)
                0x08009324                HAL_DMA_Start_IT
 .text.HAL_DMA_Abort_IT
                0x080095ac       0xe8 ../../libDaisy/build/libdaisy.a(stm32h7xx_hal_dma.o)
                0x080095ac                HAL_DMA_Abort_IT
 .text.HAL_DMA_IRQHandler
                0x08009694      0x6a8 ../../libDaisy/build/libdaisy.a(stm32h7xx_hal_dma.o)
                0x08009694                HAL_DMA_IRQHandler
 .text.HAL_DMA_GetError
                0x08009d3c        0x4 ../../libDaisy/build/libdaisy.a(stm32h7xx_hal_dma.o)
                0x08009d3c                HAL_DMA_GetError
 .text.HAL_GPIO_Init
                0x08009d40      0x284 ../../libDaisy/build/libdaisy.a(stm32h7xx_hal_gpio.o)
                0x08009d40                HAL_GPIO_Init
 .text.HAL_GPIO_DeInit
                0x08009fc4      0x194 ../../libDaisy/build/libdaisy.a(stm32h7xx_hal_gpio.o)
                0x08009fc4                HAL_GPIO_DeInit
 .text.HAL_GPIO_ReadPin
                0x0800a158        0xc ../../libDaisy/build/libdaisy.a(stm32h7xx_hal_gpio.o)
                0x0800a158                HAL_GPIO_ReadPin
 .text.HAL_GPIO_WritePin
                0x0800a164        0x8 ../../libDaisy/build/libdaisy.a(stm32h7xx_hal_gpio.o)
                0x0800a164                HAL_GPIO_WritePin
 .text.HAL_HCD_IRQHandler
                0x0800a16c      0x764 ../../libDaisy/build/libdaisy.a(stm32h7xx_hal_hcd.o)
                0x0800a16c                HAL_HCD_IRQHandler
 .text.HAL_HCD_Stop
                0x0800a8d0       0x28 ../../libDaisy/build/libdaisy.a(stm32h7xx_hal_hcd.o)
                0x0800a8d0                HAL_HCD_Stop
 .text.I2C_WaitOnTXISFlagUntilTimeout
                0x0800a8f8       0xc4 ../../libDaisy/build/libdaisy.a(stm32h7xx_hal_i2c.o)
 .text.I2C_WaitOnSTOPFlagUntilTimeout
                0x0800a9bc       0xa8 ../../libDaisy/build/libdaisy.a(stm32h7xx_hal_i2c.o)
 .text.HAL_I2C_Init
                0x0800aa64       0xac ../../libDaisy/build/libdaisy.a(stm32h7xx_hal_i2c.o)
                0x0800aa64                HAL_I2C_Init
 .text.HAL_I2C_Master_Transmit
                0x0800ab10      0x1a4 ../../libDaisy/build/libdaisy.a(stm32h7xx_hal_i2c.o)
                0x0800ab10                HAL_I2C_Master_Transmit
 .text.HAL_I2C_Slave_Transmit
                0x0800acb4      0x1c4 ../../libDaisy/build/libdaisy.a(stm32h7xx_hal_i2c.o)
                0x0800acb4                HAL_I2C_Slave_Transmit
 .text.HAL_I2C_EV_IRQHandler
                0x0800ae78       0x10 ../../libDaisy/build/libdaisy.a(stm32h7xx_hal_i2c.o)
                0x0800ae78                HAL_I2C_EV_IRQHandler
 .text.HAL_I2C_GetState
                0x0800ae88        0x8 ../../libDaisy/build/libdaisy.a(stm32h7xx_hal_i2c.o)
                0x0800ae88                HAL_I2C_GetState
 .text.HAL_I2CEx_ConfigAnalogFilter
                0x0800ae90       0x54 ../../libDaisy/build/libdaisy.a(stm32h7xx_hal_i2c_ex.o)
                0x0800ae90                HAL_I2CEx_ConfigAnalogFilter
 .text.HAL_I2CEx_ConfigDigitalFilter
                0x0800aee4       0x58 ../../libDaisy/build/libdaisy.a(stm32h7xx_hal_i2c_ex.o)
                0x0800aee4                HAL_I2CEx_ConfigDigitalFilter
 .text.HAL_PCD_IRQHandler
                0x0800af3c      0x6a8 ../../libDaisy/build/libdaisy.a(stm32h7xx_hal_pcd.o)
                0x0800af3c                HAL_PCD_IRQHandler
 .text.HAL_PCD_SetAddress
                0x0800b5e4       0x2c ../../libDaisy/build/libdaisy.a(stm32h7xx_hal_pcd.o)
                0x0800b5e4                HAL_PCD_SetAddress
 .text.HAL_PCD_EP_Open
                0x0800b610       0x7c ../../libDaisy/build/libdaisy.a(stm32h7xx_hal_pcd.o)
                0x0800b610                HAL_PCD_EP_Open
 .text.HAL_PCD_EP_Receive
                0x0800b68c       0x50 ../../libDaisy/build/libdaisy.a(stm32h7xx_hal_pcd.o)
                0x0800b68c                HAL_PCD_EP_Receive
 .text.HAL_PCD_EP_Transmit
                0x0800b6dc       0x50 ../../libDaisy/build/libdaisy.a(stm32h7xx_hal_pcd.o)
                0x0800b6dc                HAL_PCD_EP_Transmit
 .text.HAL_PCD_EP_SetStall
                0x0800b72c       0x88 ../../libDaisy/build/libdaisy.a(stm32h7xx_hal_pcd.o)
                0x0800b72c                HAL_PCD_EP_SetStall
 .text.HAL_PCD_EP_ClrStall
                0x0800b7b4       0x78 ../../libDaisy/build/libdaisy.a(stm32h7xx_hal_pcd.o)
                0x0800b7b4                HAL_PCD_EP_ClrStall
 .text.HAL_PCDEx_LPM_Callback
                0x0800b82c        0x4 ../../libDaisy/build/libdaisy.a(stm32h7xx_hal_pcd_ex.o)
                0x0800b82c                HAL_PCDEx_LPM_Callback
 .text.HAL_PWREx_ConfigSupply
                0x0800b830       0x4c ../../libDaisy/build/libdaisy.a(stm32h7xx_hal_pwr_ex.o)
                0x0800b830                HAL_PWREx_ConfigSupply
 .text.HAL_PWREx_EnableUSBVoltageDetector
                0x0800b87c       0x10 ../../libDaisy/build/libdaisy.a(stm32h7xx_hal_pwr_ex.o)
                0x0800b87c                HAL_PWREx_EnableUSBVoltageDetector
 .text.QSPI_Config
                0x0800b88c      0x148 ../../libDaisy/build/libdaisy.a(stm32h7xx_hal_qspi.o)
 .text.HAL_QSPI_Init
                0x0800b9d4       0xd8 ../../libDaisy/build/libdaisy.a(stm32h7xx_hal_qspi.o)
                0x0800b9d4                HAL_QSPI_Init
 .text.HAL_QSPI_DeInit
                0x0800baac       0x3c ../../libDaisy/build/libdaisy.a(stm32h7xx_hal_qspi.o)
                0x0800baac                HAL_QSPI_DeInit
 .text.HAL_QSPI_Command
                0x0800bae8       0xd8 ../../libDaisy/build/libdaisy.a(stm32h7xx_hal_qspi.o)
                0x0800bae8                HAL_QSPI_Command
 .text.HAL_QSPI_Transmit
                0x0800bbc0      0x108 ../../libDaisy/build/libdaisy.a(stm32h7xx_hal_qspi.o)
                0x0800bbc0                HAL_QSPI_Transmit
 .text.HAL_QSPI_Receive
                0x0800bcc8      0x118 ../../libDaisy/build/libdaisy.a(stm32h7xx_hal_qspi.o)
                0x0800bcc8                HAL_QSPI_Receive
 .text.HAL_QSPI_AutoPolling
                0x0800bde0       0xf0 ../../libDaisy/build/libdaisy.a(stm32h7xx_hal_qspi.o)
                0x0800bde0                HAL_QSPI_AutoPolling
 .text.HAL_QSPI_MemoryMapped
                0x0800bed0       0xc8 ../../libDaisy/build/libdaisy.a(stm32h7xx_hal_qspi.o)
                0x0800bed0                HAL_QSPI_MemoryMapped
 .text.HAL_QSPI_ErrorCallback
                0x0800bf98        0x4 ../../libDaisy/build/libdaisy.a(stm32h7xx_hal_qspi.o)
                0x0800bf98                HAL_QSPI_ErrorCallback
 .text.QSPI_DMAAbortCplt
                0x0800bf9c       0x38 ../../libDaisy/build/libdaisy.a(stm32h7xx_hal_qspi.o)
 .text.HAL_QSPI_AbortCpltCallback
                0x0800bfd4        0x4 ../../libDaisy/build/libdaisy.a(stm32h7xx_hal_qspi.o)
                0x0800bfd4                HAL_QSPI_AbortCpltCallback
 .text.HAL_QSPI_CmdCpltCallback
                0x0800bfd8        0x4 ../../libDaisy/build/libdaisy.a(stm32h7xx_hal_qspi.o)
                0x0800bfd8                HAL_QSPI_CmdCpltCallback
 .text.HAL_QSPI_RxCpltCallback
                0x0800bfdc        0x4 ../../libDaisy/build/libdaisy.a(stm32h7xx_hal_qspi.o)
                0x0800bfdc                HAL_QSPI_RxCpltCallback
 .text.HAL_QSPI_TxCpltCallback
                0x0800bfe0        0x4 ../../libDaisy/build/libdaisy.a(stm32h7xx_hal_qspi.o)
                0x0800bfe0                HAL_QSPI_TxCpltCallback
 .text.HAL_QSPI_FifoThresholdCallback
                0x0800bfe4        0x4 ../../libDaisy/build/libdaisy.a(stm32h7xx_hal_qspi.o)
                0x0800bfe4                HAL_QSPI_FifoThresholdCallback
 .text.HAL_QSPI_StatusMatchCallback
                0x0800bfe8        0x4 ../../libDaisy/build/libdaisy.a(stm32h7xx_hal_qspi.o)
                0x0800bfe8                HAL_QSPI_StatusMatchCallback
 .text.HAL_QSPI_TimeOutCallback
                0x0800bfec        0x4 ../../libDaisy/build/libdaisy.a(stm32h7xx_hal_qspi.o)
                0x0800bfec                HAL_QSPI_TimeOutCallback
 .text.HAL_QSPI_IRQHandler
                0x0800bff0      0x210 ../../libDaisy/build/libdaisy.a(stm32h7xx_hal_qspi.o)
                0x0800bff0                HAL_QSPI_IRQHandler
 .text.HAL_RCC_OscConfig
                0x0800c200      0x51c ../../libDaisy/build/libdaisy.a(stm32h7xx_hal_rcc.o)
                0x0800c200                HAL_RCC_OscConfig
 .text.HAL_RCC_GetSysClockFreq
                0x0800c71c      0x140 ../../libDaisy/build/libdaisy.a(stm32h7xx_hal_rcc.o)
                0x0800c71c                HAL_RCC_GetSysClockFreq
 .text.HAL_RCC_ClockConfig
                0x0800c85c      0x234 ../../libDaisy/build/libdaisy.a(stm32h7xx_hal_rcc.o)
                0x0800c85c                HAL_RCC_ClockConfig
 .text.HAL_RCC_GetHCLKFreq
                0x0800ca90       0x2c ../../libDaisy/build/libdaisy.a(stm32h7xx_hal_rcc.o)
                0x0800ca90                HAL_RCC_GetHCLKFreq
 .text.HAL_RCC_GetPCLK1Freq
                0x0800cabc       0x38 ../../libDaisy/build/libdaisy.a(stm32h7xx_hal_rcc.o)
                0x0800cabc                HAL_RCC_GetPCLK1Freq
 .text.HAL_RCC_GetPCLK2Freq
                0x0800caf4       0x38 ../../libDaisy/build/libdaisy.a(stm32h7xx_hal_rcc.o)
                0x0800caf4                HAL_RCC_GetPCLK2Freq
 .text.RCCEx_PLL2_Config.part.0
                0x0800cb2c       0xe4 ../../libDaisy/build/libdaisy.a(stm32h7xx_hal_rcc_ex.o)
 .text.RCCEx_PLL3_Config.part.0
                0x0800cc10       0xe4 ../../libDaisy/build/libdaisy.a(stm32h7xx_hal_rcc_ex.o)
 .text.HAL_RCCEx_PeriphCLKConfig
                0x0800ccf4      0xccc ../../libDaisy/build/libdaisy.a(stm32h7xx_hal_rcc_ex.o)
                0x0800ccf4                HAL_RCCEx_PeriphCLKConfig
 .text.HAL_RCCEx_GetD3PCLK1Freq
                0x0800d9c0       0x24 ../../libDaisy/build/libdaisy.a(stm32h7xx_hal_rcc_ex.o)
                0x0800d9c0                HAL_RCCEx_GetD3PCLK1Freq
 .text.HAL_RCCEx_GetPLL2ClockFreq
                0x0800d9e4      0x158 ../../libDaisy/build/libdaisy.a(stm32h7xx_hal_rcc_ex.o)
                0x0800d9e4                HAL_RCCEx_GetPLL2ClockFreq
 .text.HAL_RCCEx_GetPLL3ClockFreq
                0x0800db3c      0x158 ../../libDaisy/build/libdaisy.a(stm32h7xx_hal_rcc_ex.o)
                0x0800db3c                HAL_RCCEx_GetPLL3ClockFreq
 .text.HAL_RCCEx_GetPLL1ClockFreq
                0x0800dc94      0x158 ../../libDaisy/build/libdaisy.a(stm32h7xx_hal_rcc_ex.o)
                0x0800dc94                HAL_RCCEx_GetPLL1ClockFreq
 .text.HAL_RCCEx_GetPeriphCLKFreq
                0x0800ddec      0x198 ../../libDaisy/build/libdaisy.a(stm32h7xx_hal_rcc_ex.o)
                0x0800ddec                HAL_RCCEx_GetPeriphCLKFreq
 .text.HAL_RCCEx_GetD1SysClockFreq
                0x0800df84       0x2c ../../libDaisy/build/libdaisy.a(stm32h7xx_hal_rcc_ex.o)
                0x0800df84                HAL_RCCEx_GetD1SysClockFreq
 .text.HAL_SAI_Init
                0x0800dfb0      0x384 ../../libDaisy/build/libdaisy.a(stm32h7xx_hal_sai.o)
                0x0800dfb0                HAL_SAI_Init
 .text.HAL_SAI_InitProtocol
                0x0800e334      0x13c ../../libDaisy/build/libdaisy.a(stm32h7xx_hal_sai.o)
                0x0800e334                HAL_SAI_InitProtocol
 .text.HAL_SAI_Transmit_DMA
                0x0800e470      0x110 ../../libDaisy/build/libdaisy.a(stm32h7xx_hal_sai.o)
                0x0800e470                HAL_SAI_Transmit_DMA
 .text.HAL_SAI_Receive_DMA
                0x0800e580       0xc4 ../../libDaisy/build/libdaisy.a(stm32h7xx_hal_sai.o)
                0x0800e580                HAL_SAI_Receive_DMA
 .text.HAL_SAI_TxCpltCallback
                0x0800e644        0x4 ../../libDaisy/build/libdaisy.a(stm32h7xx_hal_sai.o)
                0x0800e644                HAL_SAI_TxCpltCallback
 .text.SAI_DMATxCplt
                0x0800e648       0x5c ../../libDaisy/build/libdaisy.a(stm32h7xx_hal_sai.o)
 .text.HAL_SAI_TxHalfCpltCallback
                0x0800e6a4        0x4 ../../libDaisy/build/libdaisy.a(stm32h7xx_hal_sai.o)
                0x0800e6a4                HAL_SAI_TxHalfCpltCallback
 .text.SAI_DMATxHalfCplt
                0x0800e6a8        0xc ../../libDaisy/build/libdaisy.a(stm32h7xx_hal_sai.o)
 .text.SAI_DMARxCplt
                0x0800e6b4       0x5c ../../libDaisy/build/libdaisy.a(stm32h7xx_hal_sai.o)
 .text.SAI_DMARxHalfCplt
                0x0800e710        0xc ../../libDaisy/build/libdaisy.a(stm32h7xx_hal_sai.o)
 .text.HAL_SAI_ErrorCallback
                0x0800e71c        0x4 ../../libDaisy/build/libdaisy.a(stm32h7xx_hal_sai.o)
                0x0800e71c                HAL_SAI_ErrorCallback
 .text.SAI_DMAError
                0x0800e720       0x6c ../../libDaisy/build/libdaisy.a(stm32h7xx_hal_sai.o)
 .text.HAL_SDRAM_Init
                0x0800e78c       0x54 ../../libDaisy/build/libdaisy.a(stm32h7xx_hal_sdram.o)
                0x0800e78c                HAL_SDRAM_Init
 .text.HAL_SDRAM_SendCommand
                0x0800e7e0       0x40 ../../libDaisy/build/libdaisy.a(stm32h7xx_hal_sdram.o)
                0x0800e7e0                HAL_SDRAM_SendCommand
 .text.HAL_SDRAM_ProgramRefreshRate
                0x0800e820       0x30 ../../libDaisy/build/libdaisy.a(stm32h7xx_hal_sdram.o)
                0x0800e820                HAL_SDRAM_ProgramRefreshRate
 .text.FMC_SDRAM_Init
                0x0800e850       0x7c ../../libDaisy/build/libdaisy.a(stm32h7xx_ll_fmc.o)
                0x0800e850                FMC_SDRAM_Init
 .text.FMC_SDRAM_Timing_Init
                0x0800e8cc       0x9c ../../libDaisy/build/libdaisy.a(stm32h7xx_ll_fmc.o)
                0x0800e8cc                FMC_SDRAM_Timing_Init
 .text.FMC_SDRAM_SendCommand
                0x0800e968       0x28 ../../libDaisy/build/libdaisy.a(stm32h7xx_ll_fmc.o)
                0x0800e968                FMC_SDRAM_SendCommand
 .text.FMC_SDRAM_ProgramRefreshRate
                0x0800e990       0x1c ../../libDaisy/build/libdaisy.a(stm32h7xx_ll_fmc.o)
                0x0800e990                FMC_SDRAM_ProgramRefreshRate
 .text.USB_SetTurnaroundTime
                0x0800e9ac      0x104 ../../libDaisy/build/libdaisy.a(stm32h7xx_ll_usb.o)
                0x0800e9ac                USB_SetTurnaroundTime
 .text.USB_FlushTxFifo
                0x0800eab0       0x34 ../../libDaisy/build/libdaisy.a(stm32h7xx_ll_usb.o)
                0x0800eab0                USB_FlushTxFifo
 .text.USB_GetDevSpeed
                0x0800eae4       0x24 ../../libDaisy/build/libdaisy.a(stm32h7xx_ll_usb.o)
                0x0800eae4                USB_GetDevSpeed
 .text.USB_ActivateEndpoint
                0x0800eb08       0x90 ../../libDaisy/build/libdaisy.a(stm32h7xx_ll_usb.o)
                0x0800eb08                USB_ActivateEndpoint
 .text.USB_EPStartXfer
                0x0800eb98      0x224 ../../libDaisy/build/libdaisy.a(stm32h7xx_ll_usb.o)
                0x0800eb98                USB_EPStartXfer
 .text.USB_EP0StartXfer
                0x0800edbc      0x130 ../../libDaisy/build/libdaisy.a(stm32h7xx_ll_usb.o)
                0x0800edbc                USB_EP0StartXfer
 .text.USB_WritePacket
                0x0800eeec       0x2c ../../libDaisy/build/libdaisy.a(stm32h7xx_ll_usb.o)
                0x0800eeec                USB_WritePacket
 .text.USB_ReadPacket
                0x0800ef18       0x20 ../../libDaisy/build/libdaisy.a(stm32h7xx_ll_usb.o)
                0x0800ef18                USB_ReadPacket
 .text.USB_EPSetStall
                0x0800ef38       0x68 ../../libDaisy/build/libdaisy.a(stm32h7xx_ll_usb.o)
                0x0800ef38                USB_EPSetStall
 .text.USB_EPClearStall
                0x0800efa0       0x58 ../../libDaisy/build/libdaisy.a(stm32h7xx_ll_usb.o)
                0x0800efa0                USB_EPClearStall
 .text.USB_SetDevAddress
                0x0800eff8       0x24 ../../libDaisy/build/libdaisy.a(stm32h7xx_ll_usb.o)
                0x0800eff8                USB_SetDevAddress
 .text.USB_ReadInterrupts
                0x0800f01c       0x14 ../../libDaisy/build/libdaisy.a(stm32h7xx_ll_usb.o)
                0x0800f01c                USB_ReadInterrupts
 .text.USB_ReadDevAllOutEpInterrupt
                0x0800f030       0x1c ../../libDaisy/build/libdaisy.a(stm32h7xx_ll_usb.o)
                0x0800f030                USB_ReadDevAllOutEpInterrupt
 .text.USB_ReadDevAllInEpInterrupt
                0x0800f04c       0x1c ../../libDaisy/build/libdaisy.a(stm32h7xx_ll_usb.o)
                0x0800f04c                USB_ReadDevAllInEpInterrupt
 .text.USB_ReadDevOutEPInterrupt
                0x0800f068       0x1c ../../libDaisy/build/libdaisy.a(stm32h7xx_ll_usb.o)
                0x0800f068                USB_ReadDevOutEPInterrupt
 .text.USB_ReadDevInEPInterrupt
                0x0800f084       0x38 ../../libDaisy/build/libdaisy.a(stm32h7xx_ll_usb.o)
                0x0800f084                USB_ReadDevInEPInterrupt
 .text.USB_GetMode
                0x0800f0bc        0x8 ../../libDaisy/build/libdaisy.a(stm32h7xx_ll_usb.o)
                0x0800f0bc                USB_GetMode
 .text.USB_ActivateSetup
                0x0800f0c4       0x38 ../../libDaisy/build/libdaisy.a(stm32h7xx_ll_usb.o)
                0x0800f0c4                USB_ActivateSetup
 .text.USB_EP0_OutStart
                0x0800f0fc       0x58 ../../libDaisy/build/libdaisy.a(stm32h7xx_ll_usb.o)
                0x0800f0fc                USB_EP0_OutStart
 .text.USB_InitFSLSPClkSel
                0x0800f154       0x44 ../../libDaisy/build/libdaisy.a(stm32h7xx_ll_usb.o)
                0x0800f154                USB_InitFSLSPClkSel
 .text.USB_HC_ReadInterrupt
                0x0800f198        0x8 ../../libDaisy/build/libdaisy.a(stm32h7xx_ll_usb.o)
                0x0800f198                USB_HC_ReadInterrupt
 .text.USB_HC_Halt
                0x0800f1a0       0xc0 ../../libDaisy/build/libdaisy.a(stm32h7xx_ll_usb.o)
                0x0800f1a0                USB_HC_Halt
 .text.USB_StopHost
                0x0800f260      0x2ec ../../libDaisy/build/libdaisy.a(stm32h7xx_ll_usb.o)
                0x0800f260                USB_StopHost
 .text.USBD_SetClassConfig
                0x0800f54c       0x1c ../../libDaisy/build/libdaisy.a(usbd_core.o)
                0x0800f54c                USBD_SetClassConfig
 .text.USBD_ClrClassConfig
                0x0800f568       0x10 ../../libDaisy/build/libdaisy.a(usbd_core.o)
                0x0800f568                USBD_ClrClassConfig
 .text.USBD_LL_SetupStage
                0x0800f578       0x5c ../../libDaisy/build/libdaisy.a(usbd_core.o)
                0x0800f578                USBD_LL_SetupStage
 .text.USBD_LL_DataOutStage
                0x0800f5d4       0x74 ../../libDaisy/build/libdaisy.a(usbd_core.o)
                0x0800f5d4                USBD_LL_DataOutStage
 .text.USBD_LL_DataInStage
                0x0800f648       0xc4 ../../libDaisy/build/libdaisy.a(usbd_core.o)
                0x0800f648                USBD_LL_DataInStage
 .text.USBD_LL_Reset
                0x0800f70c       0x50 ../../libDaisy/build/libdaisy.a(usbd_core.o)
                0x0800f70c                USBD_LL_Reset
 .text.USBD_LL_SetSpeed
                0x0800f75c        0x8 ../../libDaisy/build/libdaisy.a(usbd_core.o)
                0x0800f75c                USBD_LL_SetSpeed
 .text.USBD_LL_Suspend
                0x0800f764       0x14 ../../libDaisy/build/libdaisy.a(usbd_core.o)
                0x0800f764                USBD_LL_Suspend
 .text.USBD_LL_Resume
                0x0800f778       0x10 ../../libDaisy/build/libdaisy.a(usbd_core.o)
                0x0800f778                USBD_LL_Resume
 .text.USBD_LL_SOF
                0x0800f788       0x1c ../../libDaisy/build/libdaisy.a(usbd_core.o)
                0x0800f788                USBD_LL_SOF
 .text.USBD_LL_IsoINIncomplete
                0x0800f7a4        0x4 ../../libDaisy/build/libdaisy.a(usbd_core.o)
                0x0800f7a4                USBD_LL_IsoINIncomplete
 .text.USBD_LL_IsoOUTIncomplete
                0x0800f7a8        0x4 ../../libDaisy/build/libdaisy.a(usbd_core.o)
                0x0800f7a8                USBD_LL_IsoOUTIncomplete
 .text.USBD_LL_DevConnected
                0x0800f7ac        0x4 ../../libDaisy/build/libdaisy.a(usbd_core.o)
                0x0800f7ac                USBD_LL_DevConnected
 .text.USBD_LL_DevDisconnected
                0x0800f7b0       0x18 ../../libDaisy/build/libdaisy.a(usbd_core.o)
                0x0800f7b0                USBD_LL_DevDisconnected
 .text.USBD_StdDevReq
                0x0800f7c8      0x300 ../../libDaisy/build/libdaisy.a(usbd_ctlreq.o)
                0x0800f7c8                USBD_StdDevReq
 .text.USBD_StdItfReq
                0x0800fac8       0x68 ../../libDaisy/build/libdaisy.a(usbd_ctlreq.o)
                0x0800fac8                USBD_StdItfReq
 .text.USBD_StdEPReq
                0x0800fb30      0x138 ../../libDaisy/build/libdaisy.a(usbd_ctlreq.o)
                0x0800fb30                USBD_StdEPReq
 .text.USBD_ParseSetupRequest
                0x0800fc68       0x18 ../../libDaisy/build/libdaisy.a(usbd_ctlreq.o)
                0x0800fc68                USBD_ParseSetupRequest
 .text.USBD_CtlSendData
                0x0800fc80       0x1c ../../libDaisy/build/libdaisy.a(usbd_ioreq.o)
                0x0800fc80                USBD_CtlSendData
 .text.USBD_CtlContinueSendData
                0x0800fc9c       0x14 ../../libDaisy/build/libdaisy.a(usbd_ioreq.o)
                0x0800fc9c                USBD_CtlContinueSendData
 .text.USBD_CtlContinueRx
                0x0800fcb0       0x14 ../../libDaisy/build/libdaisy.a(usbd_ioreq.o)
                0x0800fcb0                USBD_CtlContinueRx
 .text.USBD_CtlSendStatus
                0x0800fcc4       0x18 ../../libDaisy/build/libdaisy.a(usbd_ioreq.o)
                0x0800fcc4                USBD_CtlSendStatus
 .text.USBD_CtlReceiveStatus
                0x0800fcdc       0x18 ../../libDaisy/build/libdaisy.a(usbd_ioreq.o)
                0x0800fcdc                USBD_CtlReceiveStatus
 .text.USBH_LL_IncTimer
                0x0800fcf4       0x20 ../../libDaisy/build/libdaisy.a(usbh_core.o)
                0x0800fcf4                USBH_LL_IncTimer
 .text.USBH_LL_PortEnabled
                0x0800fd14        0x8 ../../libDaisy/build/libdaisy.a(usbh_core.o)
                0x0800fd14                USBH_LL_PortEnabled
 .text.USBH_LL_PortDisabled
                0x0800fd1c        0x8 ../../libDaisy/build/libdaisy.a(usbh_core.o)
                0x0800fd1c                USBH_LL_PortDisabled
 .text.USBH_LL_Connect
                0x0800fd24       0x18 ../../libDaisy/build/libdaisy.a(usbh_core.o)
                0x0800fd24                USBH_LL_Connect
 .text.USBH_LL_Disconnect
                0x0800fd3c       0x2c ../../libDaisy/build/libdaisy.a(usbh_core.o)
                0x0800fd3c                USBH_LL_Disconnect
 .text.USBH_FreePipe
                0x0800fd68       0x18 ../../libDaisy/build/libdaisy.a(usbh_pipes.o)
                0x0800fd68                USBH_FreePipe
 .text._ZN5daisy6Random4InitEv
                0x0800fd80       0x3c ../../libDaisy/build/libdaisy.a(rng.o)
                0x0800fd80                daisy::Random::Init()
 .text._ZN5daisy9SpiHandle4Impl7InitDmaEv
                0x0800fdbc       0xf4 ../../libDaisy/build/libdaisy.a(spi.o)
                0x0800fdbc                daisy::SpiHandle::Impl::InitDma()
 .text._ZN5daisy9SpiHandle4Impl10StartDmaTxEPhjPFvPvEPFvS3_NS0_6ResultEES3_
                0x0800feb0       0xbc ../../libDaisy/build/libdaisy.a(spi.o)
                0x0800feb0                daisy::SpiHandle::Impl::StartDmaTx(unsigned char*, unsigned int, void (*)(void*), void (*)(void*, daisy::SpiHandle::Result), void*)
 .text._ZN5daisy9SpiHandle4Impl10StartDmaRxEPhjPFvPvEPFvS3_NS0_6ResultEES3_
                0x0800ff6c       0xbc ../../libDaisy/build/libdaisy.a(spi.o)
                0x0800ff6c                daisy::SpiHandle::Impl::StartDmaRx(unsigned char*, unsigned int, void (*)(void*), void (*)(void*, daisy::SpiHandle::Result), void*)
 .text._ZN5daisy9SpiHandle4Impl12StartDmaRxTxEPhS2_jPFvPvEPFvS3_NS0_6ResultEES3_
                0x08010028       0xbc ../../libDaisy/build/libdaisy.a(spi.o)
                0x08010028                daisy::SpiHandle::Impl::StartDmaRxTx(unsigned char*, unsigned char*, unsigned int, void (*)(void*), void (*)(void*, daisy::SpiHandle::Result), void*)
 .text._ZN5daisy9SpiHandle4Impl8InitPinsEv
                0x080100e4      0x240 ../../libDaisy/build/libdaisy.a(spi.o)
                0x080100e4                daisy::SpiHandle::Impl::InitPins()
 .text.HAL_SPI_MspInit
                0x08010324      0x1a8 ../../libDaisy/build/libdaisy.a(spi.o)
                0x08010324                HAL_SPI_MspInit
 .text.dsy_spi_global_init
                0x080104cc       0x80 ../../libDaisy/build/libdaisy.a(spi.o)
                0x080104cc                dsy_spi_global_init
 .text.SPI1_IRQHandler
                0x0801054c        0xc ../../libDaisy/build/libdaisy.a(spi.o)
                0x0801054c                SPI1_IRQHandler
 .text.SPI2_IRQHandler
                0x08010558        0xc ../../libDaisy/build/libdaisy.a(spi.o)
                0x08010558                SPI2_IRQHandler
 .text.SPI3_IRQHandler
                0x08010564        0xc ../../libDaisy/build/libdaisy.a(spi.o)
                0x08010564                SPI3_IRQHandler
 .text.SPI4_IRQHandler
                0x08010570        0xc ../../libDaisy/build/libdaisy.a(spi.o)
                0x08010570                SPI4_IRQHandler
 .text.SPI5_IRQHandler
                0x0801057c        0xc ../../libDaisy/build/libdaisy.a(spi.o)
                0x0801057c                SPI5_IRQHandler
 .text.DMA2_Stream2_IRQHandler
                0x08010588       0x34 ../../libDaisy/build/libdaisy.a(spi.o)
                0x08010588                DMA2_Stream2_IRQHandler
 .text.DMA2_Stream3_IRQHandler
                0x080105bc       0x34 ../../libDaisy/build/libdaisy.a(spi.o)
                0x080105bc                DMA2_Stream3_IRQHandler
 .text.HAL_SPI_TxCpltCallback
                0x080105f0       0xc4 ../../libDaisy/build/libdaisy.a(spi.o)
                0x080105f0                HAL_SPI_TxCpltCallback
 .text.HAL_SPI_RxCpltCallback
                0x080106b4       0xc4 ../../libDaisy/build/libdaisy.a(spi.o)
                0x080106b4                HAL_SPI_RxCpltCallback
 .text.HAL_SPI_TxRxCpltCallback
                0x08010778       0xc4 ../../libDaisy/build/libdaisy.a(spi.o)
                0x08010778                HAL_SPI_TxRxCpltCallback
 .text.HAL_SPI_ErrorCallback
                0x0801083c       0xc8 ../../libDaisy/build/libdaisy.a(spi.o)
                0x0801083c                HAL_SPI_ErrorCallback
 *fill*         0x08010904        0x4 
 .text.startup._GLOBAL__sub_I__Z19MapInstanceToHandleP11SPI_TypeDef
                0x08010908      0x1bc ../../libDaisy/build/libdaisy.a(spi.o)
 .text.HAL_TIM_Base_MspInit
                0x08010ac4      0x19c ../../libDaisy/build/libdaisy.a(tim.o)
                0x08010ac4                HAL_TIM_Base_MspInit
 .text.HAL_TIM_PeriodElapsedCallback
                0x08010c60       0x44 ../../libDaisy/build/libdaisy.a(tim.o)
                0x08010c60                HAL_TIM_PeriodElapsedCallback
 .text.TIM2_IRQHandler
                0x08010ca4        0xc ../../libDaisy/build/libdaisy.a(tim.o)
                0x08010ca4                TIM2_IRQHandler
 .text.TIM3_IRQHandler
                0x08010cb0        0xc ../../libDaisy/build/libdaisy.a(tim.o)
                0x08010cb0                TIM3_IRQHandler
 .text.TIM4_IRQHandler
                0x08010cbc        0xc ../../libDaisy/build/libdaisy.a(tim.o)
                0x08010cbc                TIM4_IRQHandler
 .text.TIM5_IRQHandler
                0x08010cc8        0xc ../../libDaisy/build/libdaisy.a(tim.o)
                0x08010cc8                TIM5_IRQHandler
 .text._ZN5daisy11TimerHandle4InitERKNS0_6ConfigE
                0x08010cd4       0xd0 ../../libDaisy/build/libdaisy.a(tim.o)
                0x08010cd4                daisy::TimerHandle::Init(daisy::TimerHandle::Config const&)
 .text._ZN5daisy11TimerHandle5StartEv
                0x08010da4       0x24 ../../libDaisy/build/libdaisy.a(tim.o)
                0x08010da4                daisy::TimerHandle::Start()
 .text.startup._GLOBAL__sub_I__ZN5daisy11TimerHandle4Impl4InitERKNS0_6ConfigE
                0x08010dc8       0x44 ../../libDaisy/build/libdaisy.a(tim.o)
 .text._ZL20UART_CheckRxListenerPN5daisy11UartHandler4ImplE
                0x08010e0c       0x88 ../../libDaisy/build/libdaisy.a(uart.o)
 .text._ZN5daisy11UartHandler4Impl10StartDmaTxEPhjPFvPvEPFvS3_NS0_6ResultEES3_
                0x08010e94      0x180 ../../libDaisy/build/libdaisy.a(uart.o)
                0x08010e94                daisy::UartHandler::Impl::StartDmaTx(unsigned char*, unsigned int, void (*)(void*), void (*)(void*, daisy::UartHandler::Result), void*)
 .text._ZN5daisy11UartHandler4Impl10StartDmaRxEPhjPFvPvEPFvS3_NS0_6ResultEES3_
                0x08011014      0x180 ../../libDaisy/build/libdaisy.a(uart.o)
                0x08011014                daisy::UartHandler::Impl::StartDmaRx(unsigned char*, unsigned int, void (*)(void*), void (*)(void*, daisy::UartHandler::Result), void*)
 .text._ZN5daisy11UartHandler4Impl19DmaTransferFinishedEP20__UART_HandleTypeDefNS0_6ResultE
                0x08011194       0xc0 ../../libDaisy/build/libdaisy.a(uart.o)
                0x08011194                daisy::UartHandler::Impl::DmaTransferFinished(__UART_HandleTypeDef*, daisy::UartHandler::Result)
 .text._ZN5daisy11UartHandler4Impl8InitPinsEv
                0x08011254      0x150 ../../libDaisy/build/libdaisy.a(uart.o)
                0x08011254                daisy::UartHandler::Impl::InitPins()
 .text.HAL_UART_MspInit
                0x080113a4      0x210 ../../libDaisy/build/libdaisy.a(uart.o)
                0x080113a4                HAL_UART_MspInit
 .text.dsy_uart_global_init
                0x080115b4       0xfc ../../libDaisy/build/libdaisy.a(uart.o)
                0x080115b4                dsy_uart_global_init
 .text.USART1_IRQHandler
                0x080116b0       0x2c ../../libDaisy/build/libdaisy.a(uart.o)
                0x080116b0                USART1_IRQHandler
 .text.USART2_IRQHandler
                0x080116dc       0x34 ../../libDaisy/build/libdaisy.a(uart.o)
                0x080116dc                USART2_IRQHandler
 .text.USART3_IRQHandler
                0x08011710       0x34 ../../libDaisy/build/libdaisy.a(uart.o)
                0x08011710                USART3_IRQHandler
 .text.UART4_IRQHandler
                0x08011744       0x34 ../../libDaisy/build/libdaisy.a(uart.o)
                0x08011744                UART4_IRQHandler
 .text.UART5_IRQHandler
                0x08011778       0x34 ../../libDaisy/build/libdaisy.a(uart.o)
                0x08011778                UART5_IRQHandler
 .text.USART6_IRQHandler
                0x080117ac       0x34 ../../libDaisy/build/libdaisy.a(uart.o)
                0x080117ac                USART6_IRQHandler
 .text.UART7_IRQHandler
                0x080117e0       0x34 ../../libDaisy/build/libdaisy.a(uart.o)
                0x080117e0                UART7_IRQHandler
 .text.UART8_IRQHandler
                0x08011814       0x34 ../../libDaisy/build/libdaisy.a(uart.o)
                0x08011814                UART8_IRQHandler
 .text.LPUART1_IRQHandler
                0x08011848       0x34 ../../libDaisy/build/libdaisy.a(uart.o)
                0x08011848                LPUART1_IRQHandler
 .text.DMA1_Stream5_IRQHandler
                0x0801187c       0x34 ../../libDaisy/build/libdaisy.a(uart.o)
                0x0801187c                DMA1_Stream5_IRQHandler
 .text.DMA2_Stream4_IRQHandler
                0x080118b0       0x34 ../../libDaisy/build/libdaisy.a(uart.o)
                0x080118b0                DMA2_Stream4_IRQHandler
 .text.HAL_UART_TxCpltCallback
                0x080118e4        0x8 ../../libDaisy/build/libdaisy.a(uart.o)
                0x080118e4                HAL_UART_TxCpltCallback
 .text.HAL_UART_RxCpltCallback
                0x080118ec       0x94 ../../libDaisy/build/libdaisy.a(uart.o)
                0x080118ec                HAL_UART_RxCpltCallback
 .text.HAL_UART_RxHalfCpltCallback
                0x08011980       0x90 ../../libDaisy/build/libdaisy.a(uart.o)
                0x08011980                HAL_UART_RxHalfCpltCallback
 .text.HAL_UART_ErrorCallback
                0x08011a10        0x8 ../../libDaisy/build/libdaisy.a(uart.o)
                0x08011a10                HAL_UART_ErrorCallback
 .text.startup._GLOBAL__sub_I__Z19MapInstanceToHandleP13USART_TypeDef
                0x08011a18      0x19c ../../libDaisy/build/libdaisy.a(uart.o)
 .text.dsy_dma_init
                0x08011bb4      0x100 ../../libDaisy/build/libdaisy.a(dma.o)
                0x08011bb4                dsy_dma_init
 .text.dsy_dma_invalidate_cache_for_buffer
                0x08011cb4       0x2c ../../libDaisy/build/libdaisy.a(dma.o)
                0x08011cb4                dsy_dma_invalidate_cache_for_buffer
 .text.HAL_MDMA_Abort_IT
                0x08011ce0       0x28 ../../libDaisy/build/libdaisy.a(stm32h7xx_hal_mdma.o)
                0x08011ce0                HAL_MDMA_Abort_IT
 .text.SPI_CloseTransfer
                0x08011d08       0xb8 ../../libDaisy/build/libdaisy.a(stm32h7xx_hal_spi.o)
 .text.HAL_SPI_Init
                0x08011dc0      0x160 ../../libDaisy/build/libdaisy.a(stm32h7xx_hal_spi.o)
                0x08011dc0                HAL_SPI_Init
 .text.HAL_SPI_Transmit_DMA
                0x08011f20      0x168 ../../libDaisy/build/libdaisy.a(stm32h7xx_hal_spi.o)
                0x08011f20                HAL_SPI_Transmit_DMA
 .text.HAL_SPI_TransmitReceive_DMA
                0x08012088      0x210 ../../libDaisy/build/libdaisy.a(stm32h7xx_hal_spi.o)
                0x08012088                HAL_SPI_TransmitReceive_DMA
 .text.HAL_SPI_Receive_DMA
                0x08012298      0x1a8 ../../libDaisy/build/libdaisy.a(stm32h7xx_hal_spi.o)
                0x08012298                HAL_SPI_Receive_DMA
 .text.SPI_DMATransmitCplt
                0x08012440       0x28 ../../libDaisy/build/libdaisy.a(stm32h7xx_hal_spi.o)
 .text.SPI_DMAReceiveCplt
                0x08012468       0x28 ../../libDaisy/build/libdaisy.a(stm32h7xx_hal_spi.o)
 .text.SPI_DMATransmitReceiveCplt
                0x08012490       0x28 ../../libDaisy/build/libdaisy.a(stm32h7xx_hal_spi.o)
 .text.HAL_SPI_TxHalfCpltCallback
                0x080124b8        0x4 ../../libDaisy/build/libdaisy.a(stm32h7xx_hal_spi.o)
                0x080124b8                HAL_SPI_TxHalfCpltCallback
 .text.SPI_DMAHalfTransmitCplt
                0x080124bc        0xc ../../libDaisy/build/libdaisy.a(stm32h7xx_hal_spi.o)
 .text.HAL_SPI_RxHalfCpltCallback
                0x080124c8        0x4 ../../libDaisy/build/libdaisy.a(stm32h7xx_hal_spi.o)
                0x080124c8                HAL_SPI_RxHalfCpltCallback
 .text.SPI_DMAHalfReceiveCplt
                0x080124cc        0xc ../../libDaisy/build/libdaisy.a(stm32h7xx_hal_spi.o)
 .text.HAL_SPI_TxRxHalfCpltCallback
                0x080124d8        0x4 ../../libDaisy/build/libdaisy.a(stm32h7xx_hal_spi.o)
                0x080124d8                HAL_SPI_TxRxHalfCpltCallback
 .text.SPI_DMAHalfTransmitReceiveCplt
                0x080124dc        0xc ../../libDaisy/build/libdaisy.a(stm32h7xx_hal_spi.o)
 .text.SPI_DMAError
                0x080124e8       0xd8 ../../libDaisy/build/libdaisy.a(stm32h7xx_hal_spi.o)
 .text.HAL_SPI_IRQHandler
                0x080125c0      0x238 ../../libDaisy/build/libdaisy.a(stm32h7xx_hal_spi.o)
                0x080125c0                HAL_SPI_IRQHandler
 .text.SPI_DMAAbortOnError
                0x080127f8       0x1c ../../libDaisy/build/libdaisy.a(stm32h7xx_hal_spi.o)
 .text.HAL_SPI_GetState
                0x08012814        0x8 ../../libDaisy/build/libdaisy.a(stm32h7xx_hal_spi.o)
                0x08012814                HAL_SPI_GetState
 .text.HAL_TIM_Base_Init
                0x0801281c      0x120 ../../libDaisy/build/libdaisy.a(stm32h7xx_hal_tim.o)
                0x0801281c                HAL_TIM_Base_Init
 .text.HAL_TIM_Base_Start
                0x0801293c       0x34 ../../libDaisy/build/libdaisy.a(stm32h7xx_hal_tim.o)
                0x0801293c                HAL_TIM_Base_Start
 .text.HAL_TIM_Base_Start_IT
                0x08012970       0x2c ../../libDaisy/build/libdaisy.a(stm32h7xx_hal_tim.o)
                0x08012970                HAL_TIM_Base_Start_IT
 .text.HAL_TIM_ConfigClockSource
                0x0801299c      0x17c ../../libDaisy/build/libdaisy.a(stm32h7xx_hal_tim.o)
                0x0801299c                HAL_TIM_ConfigClockSource
 .text.HAL_TIM_OC_DelayElapsedCallback
                0x08012b18        0x4 ../../libDaisy/build/libdaisy.a(stm32h7xx_hal_tim.o)
                0x08012b18                HAL_TIM_OC_DelayElapsedCallback
 .text.HAL_TIM_IC_CaptureCallback
                0x08012b1c        0x4 ../../libDaisy/build/libdaisy.a(stm32h7xx_hal_tim.o)
                0x08012b1c                HAL_TIM_IC_CaptureCallback
 .text.HAL_TIM_PWM_PulseFinishedCallback
                0x08012b20        0x4 ../../libDaisy/build/libdaisy.a(stm32h7xx_hal_tim.o)
                0x08012b20                HAL_TIM_PWM_PulseFinishedCallback
 .text.HAL_TIM_TriggerCallback
                0x08012b24        0x4 ../../libDaisy/build/libdaisy.a(stm32h7xx_hal_tim.o)
                0x08012b24                HAL_TIM_TriggerCallback
 .text.HAL_TIM_IRQHandler
                0x08012b28      0x170 ../../libDaisy/build/libdaisy.a(stm32h7xx_hal_tim.o)
                0x08012b28                HAL_TIM_IRQHandler
 .text.HAL_TIMEx_MasterConfigSynchronization
                0x08012c98       0x64 ../../libDaisy/build/libdaisy.a(stm32h7xx_hal_tim_ex.o)
                0x08012c98                HAL_TIMEx_MasterConfigSynchronization
 .text.HAL_TIMEx_CommutCallback
                0x08012cfc        0x4 ../../libDaisy/build/libdaisy.a(stm32h7xx_hal_tim_ex.o)
                0x08012cfc                HAL_TIMEx_CommutCallback
 .text.HAL_TIMEx_BreakCallback
                0x08012d00        0x4 ../../libDaisy/build/libdaisy.a(stm32h7xx_hal_tim_ex.o)
                0x08012d00                HAL_TIMEx_BreakCallback
 .text.HAL_TIMEx_Break2Callback
                0x08012d04        0x4 ../../libDaisy/build/libdaisy.a(stm32h7xx_hal_tim_ex.o)
                0x08012d04                HAL_TIMEx_Break2Callback
 .text.HAL_UART_Transmit_DMA
                0x08012d08       0x90 ../../libDaisy/build/libdaisy.a(stm32h7xx_hal_uart.o)
                0x08012d08                HAL_UART_Transmit_DMA
 .text.HAL_UART_Receive_DMA
                0x08012d98       0x98 ../../libDaisy/build/libdaisy.a(stm32h7xx_hal_uart.o)
                0x08012d98                HAL_UART_Receive_DMA
 .text.UART_DMATransmitCplt
                0x08012e30       0x2c ../../libDaisy/build/libdaisy.a(stm32h7xx_hal_uart.o)
 .text.HAL_UART_TxHalfCpltCallback
                0x08012e5c        0x4 ../../libDaisy/build/libdaisy.a(stm32h7xx_hal_uart.o)
                0x08012e5c                HAL_UART_TxHalfCpltCallback
 .text.UART_DMATxHalfCplt
                0x08012e60        0xc ../../libDaisy/build/libdaisy.a(stm32h7xx_hal_uart.o)
 .text.UART_DMAReceiveCplt
                0x08012e6c       0x38 ../../libDaisy/build/libdaisy.a(stm32h7xx_hal_uart.o)
 .text.UART_DMARxHalfCplt
                0x08012ea4        0xc ../../libDaisy/build/libdaisy.a(stm32h7xx_hal_uart.o)
 .text.UART_DMAError
                0x08012eb0       0x78 ../../libDaisy/build/libdaisy.a(stm32h7xx_hal_uart.o)
 .text.HAL_UART_IRQHandler
                0x08012f28      0x1cc ../../libDaisy/build/libdaisy.a(stm32h7xx_hal_uart.o)
                0x08012f28                HAL_UART_IRQHandler
 .text.UART_DMAAbortOnError
                0x080130f4       0x14 ../../libDaisy/build/libdaisy.a(stm32h7xx_hal_uart.o)
 .text.HAL_UART_GetState
                0x08013108        0xc ../../libDaisy/build/libdaisy.a(stm32h7xx_hal_uart.o)
                0x08013108                HAL_UART_GetState
 .text.UART_SetConfig
                0x08013114      0x830 ../../libDaisy/build/libdaisy.a(stm32h7xx_hal_uart.o)
                0x08013114                UART_SetConfig
 .text.UART_AdvFeatureConfig
                0x08013944       0xb0 ../../libDaisy/build/libdaisy.a(stm32h7xx_hal_uart.o)
                0x08013944                UART_AdvFeatureConfig
 .text.UART_CheckIdleState
                0x080139f4       0x80 ../../libDaisy/build/libdaisy.a(stm32h7xx_hal_uart.o)
                0x080139f4                UART_CheckIdleState
 .text.HAL_UART_Init
                0x08013a74       0x68 ../../libDaisy/build/libdaisy.a(stm32h7xx_hal_uart.o)
                0x08013a74                HAL_UART_Init
 .text.HAL_UARTEx_WakeupCallback
                0x08013adc        0x4 ../../libDaisy/build/libdaisy.a(stm32h7xx_hal_uart_ex.o)
                0x08013adc                HAL_UARTEx_WakeupCallback
 .text.HAL_UARTEx_RxFifoFullCallback
                0x08013ae0        0x4 ../../libDaisy/build/libdaisy.a(stm32h7xx_hal_uart_ex.o)
                0x08013ae0                HAL_UARTEx_RxFifoFullCallback
 .text.HAL_UARTEx_TxFifoEmptyCallback
                0x08013ae4        0x4 ../../libDaisy/build/libdaisy.a(stm32h7xx_hal_uart_ex.o)
                0x08013ae4                HAL_UARTEx_TxFifoEmptyCallback
 .text._ZN7daisysp6Phaser4InitEf
                0x08013ae8       0xec ../../DaisySP/build/libdaisysp.a(phaser.o)
                0x08013ae8                daisysp::Phaser::Init(float)
 .text._ZN7daisysp6Phaser7ProcessEf
                0x08013bd4      0x138 ../../DaisySP/build/libdaisysp.a(phaser.o)
                0x08013bd4                daisysp::Phaser::Process(float)
 .text._ZN7daisysp6Phaser11SetLfoDepthEf
                0x08013d0c       0x64 ../../DaisySP/build/libdaisysp.a(phaser.o)
                0x08013d0c                daisysp::Phaser::SetLfoDepth(float)
 .text._ZN7daisysp6Phaser7SetFreqEf
                0x08013d70       0x68 ../../DaisySP/build/libdaisysp.a(phaser.o)
                0x08013d70                daisysp::Phaser::SetFreq(float)
 .text.__aeabi_atexit
                0x08013dd8        0xa /usr/lib/gcc/arm-none-eabi/12.2.1/../../../arm-none-eabi/lib/thumb/v7e-m+dp/hard/libstdc++_nano.a(atexit_arm.o)
                0x08013dd8                __aeabi_atexit
 *(.rodata)
 *fill*         0x08013de2        0x2 
 .rodata        0x08013de4       0x10 ../../libDaisy/build/libdaisy.a(i2c.o)
 .rodata        0x08013df4       0x10 ../../libDaisy/build/libdaisy.a(tim.o)
 .rodata        0x08013e04       0x12 ../../libDaisy/build/libdaisy.a(uart.o)
 *fill*         0x08013e16        0x2 
 .rodata        0x08013e18        0x4 /usr/lib/gcc/arm-none-eabi/12.2.1/../../../arm-none-eabi/lib/thumb/v7e-m+dp/hard/libc_nano.a(lib_a-impure.o)
                0x08013e18                _global_impure_ptr